Archive member included to satisfy reference by file (symbol)

c:/arm-gcc/10.2021.10/bin/../lib/gcc/arm-none-eabi/10.3.1/thumb/v6-m/nofp\libgcc.a(_dvmd_tls.o)
                              CMakeFiles/trafficlight.dir/C_/pico-sdk/src/rp2_common/pico_divider/divider.S.obj (__aeabi_idiv0)
c:/arm-gcc/10.2021.10/bin/../lib/gcc/arm-none-eabi/10.3.1/../../../../arm-none-eabi/lib/thumb/v6-m/nofp\libg.a(lib_a-calloc.o)
                              CMakeFiles/trafficlight.dir/C_/pico-sdk/src/rp2_common/pico_malloc/pico_malloc.c.obj (calloc)
c:/arm-gcc/10.2021.10/bin/../lib/gcc/arm-none-eabi/10.3.1/../../../../arm-none-eabi/lib/thumb/v6-m/nofp\libg.a(lib_a-callocr.o)
                              c:/arm-gcc/10.2021.10/bin/../lib/gcc/arm-none-eabi/10.3.1/../../../../arm-none-eabi/lib/thumb/v6-m/nofp\libg.a(lib_a-calloc.o) (_calloc_r)
c:/arm-gcc/10.2021.10/bin/../lib/gcc/arm-none-eabi/10.3.1/../../../../arm-none-eabi/lib/thumb/v6-m/nofp\libg.a(lib_a-ctype_.o)
                              CMakeFiles/trafficlight.dir/C_/pico-sdk/lib/tinyusb/src/tusb.c.obj (_ctype_)
c:/arm-gcc/10.2021.10/bin/../lib/gcc/arm-none-eabi/10.3.1/../../../../arm-none-eabi/lib/thumb/v6-m/nofp\libg.a(lib_a-errno.o)
                              c:/arm-gcc/10.2021.10/bin/../lib/gcc/arm-none-eabi/10.3.1/../../../../arm-none-eabi/lib/thumb/v6-m/nofp\libg.a(lib_a-callocr.o) (__errno)
c:/arm-gcc/10.2021.10/bin/../lib/gcc/arm-none-eabi/10.3.1/../../../../arm-none-eabi/lib/thumb/v6-m/nofp\libg.a(lib_a-impure.o)
                              c:/arm-gcc/10.2021.10/bin/../lib/gcc/arm-none-eabi/10.3.1/../../../../arm-none-eabi/lib/thumb/v6-m/nofp\libg.a(lib_a-calloc.o) (_impure_ptr)
c:/arm-gcc/10.2021.10/bin/../lib/gcc/arm-none-eabi/10.3.1/../../../../arm-none-eabi/lib/thumb/v6-m/nofp\libg.a(lib_a-init.o)
                              c:/arm-gcc/10.2021.10/bin/../lib/gcc/arm-none-eabi/10.3.1/../../../../arm-none-eabi/lib/thumb/v6-m/nofp/crt0.o (__libc_init_array)
c:/arm-gcc/10.2021.10/bin/../lib/gcc/arm-none-eabi/10.3.1/../../../../arm-none-eabi/lib/thumb/v6-m/nofp\libg.a(lib_a-malloc.o)
                              CMakeFiles/trafficlight.dir/C_/pico-sdk/src/rp2_common/pico_malloc/pico_malloc.c.obj (malloc)
c:/arm-gcc/10.2021.10/bin/../lib/gcc/arm-none-eabi/10.3.1/../../../../arm-none-eabi/lib/thumb/v6-m/nofp\libg.a(lib_a-mallocr.o)
                              c:/arm-gcc/10.2021.10/bin/../lib/gcc/arm-none-eabi/10.3.1/../../../../arm-none-eabi/lib/thumb/v6-m/nofp\libg.a(lib_a-callocr.o) (_malloc_r)
c:/arm-gcc/10.2021.10/bin/../lib/gcc/arm-none-eabi/10.3.1/../../../../arm-none-eabi/lib/thumb/v6-m/nofp\libg.a(lib_a-mlock.o)
                              c:/arm-gcc/10.2021.10/bin/../lib/gcc/arm-none-eabi/10.3.1/../../../../arm-none-eabi/lib/thumb/v6-m/nofp\libg.a(lib_a-mallocr.o) (__malloc_lock)
c:/arm-gcc/10.2021.10/bin/../lib/gcc/arm-none-eabi/10.3.1/../../../../arm-none-eabi/lib/thumb/v6-m/nofp\libg.a(lib_a-realloc.o)
                              CMakeFiles/trafficlight.dir/C_/pico-sdk/src/rp2_common/pico_malloc/pico_malloc.c.obj (realloc)
c:/arm-gcc/10.2021.10/bin/../lib/gcc/arm-none-eabi/10.3.1/../../../../arm-none-eabi/lib/thumb/v6-m/nofp\libg.a(lib_a-reallocr.o)
                              c:/arm-gcc/10.2021.10/bin/../lib/gcc/arm-none-eabi/10.3.1/../../../../arm-none-eabi/lib/thumb/v6-m/nofp\libg.a(lib_a-realloc.o) (_realloc_r)
c:/arm-gcc/10.2021.10/bin/../lib/gcc/arm-none-eabi/10.3.1/../../../../arm-none-eabi/lib/thumb/v6-m/nofp\libg.a(lib_a-sbrkr.o)
                              c:/arm-gcc/10.2021.10/bin/../lib/gcc/arm-none-eabi/10.3.1/../../../../arm-none-eabi/lib/thumb/v6-m/nofp\libg.a(lib_a-mallocr.o) (_sbrk_r)
c:/arm-gcc/10.2021.10/bin/../lib/gcc/arm-none-eabi/10.3.1/../../../../arm-none-eabi/lib/thumb/v6-m/nofp\libg.a(lib_a-strlen-stub.o)
                              CMakeFiles/trafficlight.dir/C_/pico-sdk/src/rp2_common/pico_stdio/stdio.c.obj (strlen)
c:/arm-gcc/10.2021.10/bin/../lib/gcc/arm-none-eabi/10.3.1/../../../../arm-none-eabi/lib/thumb/v6-m/nofp\libg.a(lib_a-freer.o)
                              c:/arm-gcc/10.2021.10/bin/../lib/gcc/arm-none-eabi/10.3.1/../../../../arm-none-eabi/lib/thumb/v6-m/nofp\libg.a(lib_a-malloc.o) (_free_r)
c:/arm-gcc/10.2021.10/bin/../lib/gcc/arm-none-eabi/10.3.1/../../../../arm-none-eabi/lib/thumb/v6-m/nofp\libg.a(lib_a-lock.o)
                              c:/arm-gcc/10.2021.10/bin/../lib/gcc/arm-none-eabi/10.3.1/../../../../arm-none-eabi/lib/thumb/v6-m/nofp\libg.a(lib_a-mlock.o) (__retarget_lock_acquire_recursive)
c:/arm-gcc/10.2021.10/bin/../lib/gcc/arm-none-eabi/10.3.1/../../../../arm-none-eabi/lib/thumb/v6-m/nofp\libg.a(lib_a-memmove.o)
                              c:/arm-gcc/10.2021.10/bin/../lib/gcc/arm-none-eabi/10.3.1/../../../../arm-none-eabi/lib/thumb/v6-m/nofp\libg.a(lib_a-reallocr.o) (memmove)
c:/arm-gcc/10.2021.10/bin/../lib/gcc/arm-none-eabi/10.3.1/../../../../arm-none-eabi/lib/thumb/v6-m/nofp\libg.a(lib_a-reent.o)
[...]
Memory Configuration

Name             Origin             Length             Attributes
FLASH            0x10000000         0x00200000         xr
RAM              0x20000000         0x00040000         xrw
SCRATCH_X        0x20040000         0x00001000         xrw
SCRATCH_Y        0x20041000         0x00001000         xrw
*default*        0x00000000         0xffffffff

Linker script and memory map

LOAD c:/arm-gcc/10.2021.10/bin/../lib/gcc/arm-none-eabi/10.3.1/thumb/v6-m/nofp/crti.o
LOAD c:/arm-gcc/10.2021.10/bin/../lib/gcc/arm-none-eabi/10.3.1/thumb/v6-m/nofp/crtbegin.o
LOAD c:/arm-gcc/10.2021.10/bin/../lib/gcc/arm-none-eabi/10.3.1/../../../../arm-none-eabi/lib/thumb/v6-m/nofp/crt0.o

.flash_begin    0x10000000        0x0
                0x10000000                __flash_binary_start = .

.boot2          0x10000000      0x100
                0x10000000                __boot2_start__ = .
 *(.boot2)
 .boot2         0x10000000      0x100 C:\Users\Cristian\AppData\Local\Temp\cc3H2DYh.o
                0x10000100                __boot2_end__ = .
                0x00000001                ASSERT (((__boot2_end__ - __boot2_start__) == 0x100), ERROR: Pico second stage bootloader must be 256 bytes in size)

.text           0x10000100     0x4140
                0x10000100                __logical_binary_start = .
 *(.vectors)
 .vectors       0x10000100       0xd4 CMakeFiles/trafficlight.dir/C_/pico-sdk/src/rp2_common/pico_standard_link/crt0.S.obj
                0x10000100                __VECTOR_TABLE
                0x10000100                __vectors
                0x100001c0                isr_invalid
                0x100001c0                __default_isrs_start
                0x100001c2                isr_nmi
                0x100001c4                isr_hardfault
                0x100001c6                isr_svcall
                0x100001c8                isr_pendsv
                0x100001ca                isr_systick
                0x100001cc                isr_irq23
                0x100001cc                isr_irq18
                0x100001cc                isr_irq11
                0x100001cc                isr_irq28
                0x100001cc                isr_irq19
                0x100001cc                isr_irq0
                0x100001cc                isr_irq6
                0x100001cc                isr_irq5
                0x100001cc                isr_irq12
                0x100001cc                isr_irq22
                0x100001cc                isr_irq31
                0x100001cc                isr_irq17
                0x100001cc                isr_irq27
                0x100001cc                isr_irq30
                0x100001cc                isr_irq2
                0x100001cc                isr_irq10
                0x100001cc                isr_irq8
                0x100001cc                isr_irq24
                0x100001cc                isr_irq1
                0x100001cc                isr_irq7
                0x100001cc                isr_irq21
                0x100001cc                isr_irq20
                0x100001cc                isr_irq15
                0x100001cc                isr_irq25
                0x100001cc                isr_irq13
                0x100001cc                __unhandled_user_irq
                0x100001cc                isr_irq4
                0x100001cc                isr_irq16
                0x100001cc                isr_irq29
                0x100001cc                isr_irq26
                0x100001cc                __default_isrs_end
                0x100001cc                isr_irq3
                0x100001cc                isr_irq14
                0x100001cc                isr_irq9
                0x100001d2                unhandled_user_irq_num_in_r0
 *(.binary_info_header)
 .binary_info_header
                0x100001d4       0x14 CMakeFiles/trafficlight.dir/C_/pico-sdk/src/rp2_common/pico_standard_link/crt0.S.obj
                0x100001e8                __binary_info_header_end = .
 *(.reset)
 .reset         0x100001e8       0xa8 CMakeFiles/trafficlight.dir/C_/pico-sdk/src/rp2_common/pico_standard_link/crt0.S.obj
                0x100001e8                _entry_point
                0x10000266                __get_current_exception
 .reset         0x10000290       0x30 CMakeFiles/trafficlight.dir/C_/pico-sdk/src/rp2_common/pico_standard_link/binary_info.c.obj
 *(.init)
 .init          0x100002c0        0x4 c:/arm-gcc/10.2021.10/bin/../lib/gcc/arm-none-eabi/10.3.1/thumb/v6-m/nofp/crti.o
                0x100002c0                _init
 *(EXCLUDE_FILE(*libm.a: *libc.a:*lib_a-mem*.o *libgcc.a:) .text*)
 .text          0x100002c4       0x48 c:/arm-gcc/10.2021.10/bin/../lib/gcc/arm-none-eabi/10.3.1/thumb/v6-m/nofp/crtbegin.o
 .text.main     0x1000030c      0x104 CMakeFiles/trafficlight.dir/main.c.obj
                0x1000030c                main
 .text.gpio_set_function
                0x10000410       0x30 CMakeFiles/trafficlight.dir/C_/pico-sdk/src/rp2_common/hardware_gpio/gpio.c.obj
                0x10000410                gpio_set_function
 .text.gpio_init
                0x10000440       0x16 CMakeFiles/trafficlight.dir/C_/pico-sdk/src/rp2_common/hardware_gpio/gpio.c.obj
                0x10000440                gpio_init
 *fill*         0x10000456        0x2 
 .text.hw_claim_lock
                0x10000458       0x18 CMakeFiles/trafficlight.dir/C_/pico-sdk/src/rp2_common/hardware_claim/claim.c.obj
                0x10000458                hw_claim_lock
 .text.hw_claim_unlock
                0x10000470       0x14 CMakeFiles/trafficlight.dir/C_/pico-sdk/src/rp2_common/hardware_claim/claim.c.obj
                0x10000470                hw_claim_unlock
 .text.hw_claim_or_assert
                0x10000484       0x32 CMakeFiles/trafficlight.dir/C_/pico-sdk/src/rp2_common/hardware_claim/claim.c.obj
                0x10000484                hw_claim_or_assert
 *fill*         0x100004b6        0x2 
 .text.running_on_fpga
                0x100004b8       0x14 CMakeFiles/trafficlight.dir/C_/pico-sdk/src/rp2_common/pico_platform/platform.c.obj
                0x100004b8                running_on_fpga
 .text.spin_locks_reset
                0x100004cc       0x20 CMakeFiles/trafficlight.dir/C_/pico-sdk/src/rp2_common/hardware_sync/sync.c.obj
                0x100004cc                spin_locks_reset
 .text.next_striped_spin_lock_num
                0x100004ec       0x1c CMakeFiles/trafficlight.dir/C_/pico-sdk/src/rp2_common/hardware_sync/sync.c.obj
                0x100004ec                next_striped_spin_lock_num
 .text.set_raw_irq_handler_and_unlock
                0x10000508       0x28 CMakeFiles/trafficlight.dir/C_/pico-sdk/src/rp2_common/hardware_irq/irq.c.obj
 .text.make_branch
                0x10000530       0x48 CMakeFiles/trafficlight.dir/C_/pico-sdk/src/rp2_common/hardware_irq/irq.c.obj
 .text.insert_branch_and_link
                0x10000578       0x40 CMakeFiles/trafficlight.dir/C_/pico-sdk/src/rp2_common/hardware_irq/irq.c.obj
 .text.irq_is_enabled
                0x100005b8       0x18 CMakeFiles/trafficlight.dir/C_/pico-sdk/src/rp2_common/hardware_irq/irq.c.obj
                0x100005b8                irq_is_enabled
 .text.irq_set_mask_enabled
                0x100005d0       0x20 CMakeFiles/trafficlight.dir/C_/pico-sdk/src/rp2_common/hardware_irq/irq.c.obj
                0x100005d0                irq_set_mask_enabled
 .text.irq_set_enabled
                0x100005f0        0xe CMakeFiles/trafficlight.dir/C_/pico-sdk/src/rp2_common/hardware_irq/irq.c.obj
                0x100005f0                irq_set_enabled
 *fill*         0x100005fe        0x2 
 .text.irq_get_vtable_handler
                0x10000600       0x10 CMakeFiles/trafficlight.dir/C_/pico-sdk/src/rp2_common/hardware_irq/irq.c.obj
                0x10000600                irq_get_vtable_handler
 .text.irq_set_exclusive_handler
                0x10000610       0x54 CMakeFiles/trafficlight.dir/C_/pico-sdk/src/rp2_common/hardware_irq/irq.c.obj
                0x10000610                irq_set_exclusive_handler
 .text.irq_remove_handler
                0x10000664      0x1a8 CMakeFiles/trafficlight.dir/C_/pico-sdk/src/rp2_common/hardware_irq/irq.c.obj
                0x10000664                irq_remove_handler
 .text.irq_add_tail_to_free_list
                0x1000080c       0xf0 CMakeFiles/trafficlight.dir/C_/pico-sdk/src/rp2_common/hardware_irq/irq.c.obj
                0x1000080c                irq_add_tail_to_free_list
 .text.irq_init_priorities
                0x100008fc       0x1c CMakeFiles/trafficlight.dir/C_/pico-sdk/src/rp2_common/hardware_irq/irq.c.obj
                0x100008fc                irq_init_priorities
 .text.lock_init
                0x10000918       0x10 CMakeFiles/trafficlight.dir/C_/pico-sdk/src/common/pico_sync/lock_core.c.obj
                0x10000918                lock_init
 .text.alarm_pool_post_alloc_init
                0x10000928       0x40 CMakeFiles/trafficlight.dir/C_/pico-sdk/src/common/pico_time/time.c.obj
 .text.sleep_until_callback
                0x10000968       0x30 CMakeFiles/trafficlight.dir/C_/pico-sdk/src/common/pico_time/time.c.obj
 .text.timer_pool_entry_comparator
                0x10000998       0x7c CMakeFiles/trafficlight.dir/C_/pico-sdk/src/common/pico_time/time.c.obj
                0x10000998                timer_pool_entry_comparator
 .text.ph_add_child_node
                0x10000a14       0xa4 CMakeFiles/trafficlight.dir/C_/pico-sdk/src/common/pico_time/time.c.obj
 .text.ph_merge_nodes
                0x10000ab8       0x3e CMakeFiles/trafficlight.dir/C_/pico-sdk/src/common/pico_time/time.c.obj
 *fill*         0x10000af6        0x2 
 .text.add_alarm_under_lock
                0x10000af8      0x174 CMakeFiles/trafficlight.dir/C_/pico-sdk/src/common/pico_time/time.c.obj
 .text.alarm_pool_alarm_callback
                0x10000c6c      0x328 CMakeFiles/trafficlight.dir/C_/pico-sdk/src/common/pico_time/time.c.obj
 .text.alarm_pool_init_default
                0x10000f94       0x38 CMakeFiles/trafficlight.dir/C_/pico-sdk/src/common/pico_time/time.c.obj
                0x10000f94                alarm_pool_init_default
 .text.alarm_pool_get_default
                0x10000fcc       0x2c CMakeFiles/trafficlight.dir/C_/pico-sdk/src/common/pico_time/time.c.obj
                0x10000fcc                alarm_pool_get_default
 .text.alarm_pool_add_alarm_at
                0x10000ff8      0x170 CMakeFiles/trafficlight.dir/C_/pico-sdk/src/common/pico_time/time.c.obj
                0x10000ff8                alarm_pool_add_alarm_at
 .text.sleep_until
                0x10001168       0xfc CMakeFiles/trafficlight.dir/C_/pico-sdk/src/common/pico_time/time.c.obj
                0x10001168                sleep_until
 .text.sleep_us
                0x10001264       0x58 CMakeFiles/trafficlight.dir/C_/pico-sdk/src/common/pico_time/time.c.obj
                0x10001264                sleep_us
 .text.sleep_ms
                0x100012bc       0x14 CMakeFiles/trafficlight.dir/C_/pico-sdk/src/common/pico_time/time.c.obj
                0x100012bc                sleep_ms
 .text.hardware_alarm_irq_handler
                0x100012d0       0x8c CMakeFiles/trafficlight.dir/C_/pico-sdk/src/rp2_common/hardware_timer/timer.c.obj
 .text.hardware_alarm_claim
                0x1000135c       0x18 CMakeFiles/trafficlight.dir/C_/pico-sdk/src/rp2_common/hardware_timer/timer.c.obj
                0x1000135c                hardware_alarm_claim
 .text.time_us_64
                0x10001374       0x18 CMakeFiles/trafficlight.dir/C_/pico-sdk/src/rp2_common/hardware_timer/timer.c.obj
                0x10001374                time_us_64
 .text.busy_wait_until
                0x1000138c       0x28 CMakeFiles/trafficlight.dir/C_/pico-sdk/src/rp2_common/hardware_timer/timer.c.obj
                0x1000138c                busy_wait_until
 .text.hardware_alarm_set_callback
                0x100013b4       0x90 CMakeFiles/trafficlight.dir/C_/pico-sdk/src/rp2_common/hardware_timer/timer.c.obj
                0x100013b4                hardware_alarm_set_callback
 .text.hardware_alarm_set_target
                0x10001444       0xe8 CMakeFiles/trafficlight.dir/C_/pico-sdk/src/rp2_common/hardware_timer/timer.c.obj
                0x10001444                hardware_alarm_set_target
 .text.hardware_alarm_cancel
                0x1000152c       0x40 CMakeFiles/trafficlight.dir/C_/pico-sdk/src/rp2_common/hardware_timer/timer.c.obj
                0x1000152c                hardware_alarm_cancel
 .text.ph_add_child_node
                0x1000156c       0xa4 CMakeFiles/trafficlight.dir/C_/pico-sdk/src/common/pico_util/pheap.c.obj
 .text.ph_merge_nodes
                0x10001610       0x3e CMakeFiles/trafficlight.dir/C_/pico-sdk/src/common/pico_util/pheap.c.obj
 *fill*         0x1000164e        0x2 
 .text.ph_clear
                0x10001650       0x70 CMakeFiles/trafficlight.dir/C_/pico-sdk/src/common/pico_util/pheap.c.obj
                0x10001650                ph_clear
 .text.ph_post_alloc_init
                0x100016c0        0xe CMakeFiles/trafficlight.dir/C_/pico-sdk/src/common/pico_util/pheap.c.obj
                0x100016c0                ph_post_alloc_init
 *fill*         0x100016ce        0x2 
 .text.ph_merge_two_pass
                0x100016d0       0xa8 CMakeFiles/trafficlight.dir/C_/pico-sdk/src/common/pico_util/pheap.c.obj
                0x100016d0                ph_merge_two_pass
 .text.ph_remove_any_head
                0x10001778      0x108 CMakeFiles/trafficlight.dir/C_/pico-sdk/src/common/pico_util/pheap.c.obj
 .text.ph_remove_head
                0x10001880       0x14 CMakeFiles/trafficlight.dir/C_/pico-sdk/src/common/pico_util/pheap.c.obj
                0x10001880                ph_remove_head
 .text.ph_remove_and_free_node
                0x10001894       0xf8 CMakeFiles/trafficlight.dir/C_/pico-sdk/src/common/pico_util/pheap.c.obj
                0x10001894                ph_remove_and_free_node
 .text.mutex_init
                0x1000198c       0x1a CMakeFiles/trafficlight.dir/C_/pico-sdk/src/common/pico_sync/mutex.c.obj
                0x1000198c                mutex_init
 .text.recursive_mutex_init
                0x100019a6       0x1e CMakeFiles/trafficlight.dir/C_/pico-sdk/src/common/pico_sync/mutex.c.obj
                0x100019a6                recursive_mutex_init
 .text._exit    0x100019c4        0x4 CMakeFiles/trafficlight.dir/C_/pico-sdk/src/rp2_common/pico_runtime/runtime.c.obj
                0x100019c4                _exit
 .text.exit     0x100019c8        0x6 CMakeFiles/trafficlight.dir/C_/pico-sdk/src/rp2_common/pico_runtime/runtime.c.obj
                0x100019c8                exit
 *fill*         0x100019ce        0x2 
 .text.__assert_func
                0x100019d0       0x3c CMakeFiles/trafficlight.dir/C_/pico-sdk/src/rp2_common/pico_runtime/runtime.c.obj
                0x100019d0                __assert_func
 .text.runtime_init
                0x10001a0c       0xf8 CMakeFiles/trafficlight.dir/C_/pico-sdk/src/rp2_common/pico_runtime/runtime.c.obj
                0x10001a0c                runtime_init
 .text.panic    0x10001b04       0x30 CMakeFiles/trafficlight.dir/C_/pico-sdk/src/rp2_common/pico_runtime/runtime.c.obj
                0x10001b04                panic
 .text.clock_configure
                0x10001b34      0x104 CMakeFiles/trafficlight.dir/C_/pico-sdk/src/rp2_common/hardware_clocks/clocks.c.obj
                0x10001b34                clock_configure
 .text.clocks_init
                0x10001c38      0x100 CMakeFiles/trafficlight.dir/C_/pico-sdk/src/rp2_common/hardware_clocks/clocks.c.obj
                0x10001c38                clocks_init
 .text.pll_init
                0x10001d38      0x140 CMakeFiles/trafficlight.dir/C_/pico-sdk/src/rp2_common/hardware_pll/pll.c.obj
                0x10001d38                pll_init
 .text.watchdog_start_tick
                0x10001e78       0x10 CMakeFiles/trafficlight.dir/C_/pico-sdk/src/rp2_common/hardware_watchdog/watchdog.c.obj
                0x10001e78                watchdog_start_tick
 .text.xosc_init
                0x10001e88       0x28 CMakeFiles/trafficlight.dir/C_/pico-sdk/src/rp2_common/hardware_xosc/xosc.c.obj
                0x10001e88                xosc_init
 .text._out_null
                0x10001eb0        0x2 CMakeFiles/trafficlight.dir/C_/pico-sdk/src/rp2_common/pico_printf/printf.c.obj
 .text._out_fct
                0x10001eb2        0xe CMakeFiles/trafficlight.dir/C_/pico-sdk/src/rp2_common/pico_printf/printf.c.obj
 .text._atoi    0x10001ec0       0x24 CMakeFiles/trafficlight.dir/C_/pico-sdk/src/rp2_common/pico_printf/printf.c.obj
 .text._out_rev
                0x10001ee4       0xae CMakeFiles/trafficlight.dir/C_/pico-sdk/src/rp2_common/pico_printf/printf.c.obj
 .text._ntoa_format
                0x10001f92      0x112 CMakeFiles/trafficlight.dir/C_/pico-sdk/src/rp2_common/pico_printf/printf.c.obj
 .text._ntoa_long
                0x100020a4       0xbc CMakeFiles/trafficlight.dir/C_/pico-sdk/src/rp2_common/pico_printf/printf.c.obj
 .text._ntoa_long_long
                0x10002160       0xe2 CMakeFiles/trafficlight.dir/C_/pico-sdk/src/rp2_common/pico_printf/printf.c.obj
 *fill*         0x10002242        0x2 
 .text._etoa    0x10002244      0x414 CMakeFiles/trafficlight.dir/C_/pico-sdk/src/rp2_common/pico_printf/printf.c.obj
 .text._ftoa    0x10002658      0x354 CMakeFiles/trafficlight.dir/C_/pico-sdk/src/rp2_common/pico_printf/printf.c.obj
 .text._vsnprintf
                0x100029ac      0x624 CMakeFiles/trafficlight.dir/C_/pico-sdk/src/rp2_common/pico_printf/printf.c.obj
 .text.vfctprintf
                0x10002fd0       0x20 CMakeFiles/trafficlight.dir/C_/pico-sdk/src/rp2_common/pico_printf/printf.c.obj
                0x10002fd0                vfctprintf
 .text          0x10002ff0       0x10 CMakeFiles/trafficlight.dir/C_/pico-sdk/src/rp2_common/pico_bit_ops/bit_ops_aeabi.S.obj
 .text.rom_func_lookup
                0x10003000       0x10 CMakeFiles/trafficlight.dir/C_/pico-sdk/src/rp2_common/pico_bootrom/bootrom.c.obj
                0x10003000                rom_func_lookup
 .text.rom_data_lookup
                0x10003010       0x10 CMakeFiles/trafficlight.dir/C_/pico-sdk/src/rp2_common/pico_bootrom/bootrom.c.obj
                0x10003010                rom_data_lookup
 .text.rom_funcs_lookup
                0x10003020       0x36 CMakeFiles/trafficlight.dir/C_/pico-sdk/src/rp2_common/pico_bootrom/bootrom.c.obj
                0x10003020                rom_funcs_lookup
 *fill*         0x10003056        0x2 
 .text.__wrap___aeabi_idiv
                0x10003058       0x50 CMakeFiles/trafficlight.dir/C_/pico-sdk/src/rp2_common/pico_divider/divider.S.obj
                0x10003058                __wrap___aeabi_idivmod
                0x10003058                divmod_s32s32
                0x10003058                div_s32s32
                0x10003058                __wrap___aeabi_idiv
                0x10003060                divmod_s32s32_unsafe
                0x1000308c                divmod_s32s32_savestate
 .text.__wrap___aeabi_uidiv
                0x100030a8       0x4c CMakeFiles/trafficlight.dir/C_/pico-sdk/src/rp2_common/pico_divider/divider.S.obj
                0x100030a8                __wrap___aeabi_uidiv
                0x100030a8                __wrap___aeabi_uidivmod
                0x100030a8                div_u32u32
                0x100030a8                divmod_u32u32
                0x100030b0                divmod_u32u32_unsafe
                0x100030d8                divmod_u32u32_savestate
 .text.__wrap___aeabi_ldiv
                0x100030f4      0x434 CMakeFiles/trafficlight.dir/C_/pico-sdk/src/rp2_common/pico_divider/divider.S.obj
                0x100030f4                div_s64s64
                0x100030f4                divmod_s64s64
                0x100030f4                __wrap___aeabi_ldivmod
                0x1000312c                divmod_u64u64
                0x1000312c                div_u64u64
                0x1000312c                __wrap___aeabi_uldivmod
                0x1000313c                divmod_u64u64_savestate
                0x10003164                divmod_s64s64_unsafe
                0x100031ec                divmod_u64u64_unsafe
 .text.__wrap___aeabi_darithmetic
                0x10003528       0x80 CMakeFiles/trafficlight.dir/C_/pico-sdk/src/rp2_common/pico_double/double_aeabi.S.obj
                0x10003528                __wrap___aeabi_drsub
                0x1000352e                __wrap___aeabi_dsub
                0x10003540                __wrap___aeabi_dadd
                0x10003552                __wrap___aeabi_ddiv
                0x1000358e                __wrap___aeabi_dmul
 .text.__wrap___aeabi_cdcmple
                0x100035a8       0x6c CMakeFiles/trafficlight.dir/C_/pico-sdk/src/rp2_common/pico_double/double_aeabi.S.obj
                0x100035a8                __wrap___aeabi_cdrcmple
                0x100035b8                __wrap___aeabi_cdcmpeq
                0x100035b8                __wrap___aeabi_cdcmple
 .text.__wrap___aeabi_dcmplt
                0x10003614        0xc CMakeFiles/trafficlight.dir/C_/pico-sdk/src/rp2_common/pico_double/double_aeabi.S.obj
                0x10003614                __wrap___aeabi_dcmplt
 .text.__wrap___aeabi_dcmple
                0x10003620       0x10 CMakeFiles/trafficlight.dir/C_/pico-sdk/src/rp2_common/pico_double/double_aeabi.S.obj
                0x10003620                __wrap___aeabi_dcmple
 .text.__wrap___aeabi_dcmpge
                0x10003630       0x10 CMakeFiles/trafficlight.dir/C_/pico-sdk/src/rp2_common/pico_double/double_aeabi.S.obj
                0x10003630                __wrap___aeabi_dcmpge
 .text.__wrap___aeabi_dcmpgt
                0x10003640        0xa CMakeFiles/trafficlight.dir/C_/pico-sdk/src/rp2_common/pico_double/double_aeabi.S.obj
                0x10003640                __wrap___aeabi_dcmpgt
 .text.__wrap___aeabi_dcmpun
                0x1000364a       0x1c CMakeFiles/trafficlight.dir/C_/pico-sdk/src/rp2_common/pico_double/double_aeabi.S.obj
                0x1000364a                __wrap___aeabi_dcmpun
 *fill*         0x10003666        0x2 
 .text.__wrap___aeabi_i2d
                0x10003668       0x38 CMakeFiles/trafficlight.dir/C_/pico-sdk/src/rp2_common/pico_double/double_aeabi.S.obj
                0x10003668                __wrap___aeabi_ui2d
                0x10003670                __wrap___aeabi_i2d
 .text.__wrap___aeabi_d2iz
                0x100036a0       0x48 CMakeFiles/trafficlight.dir/C_/pico-sdk/src/rp2_common/pico_double/double_aeabi.S.obj
                0x100036a0                double2int_z
                0x100036a0                __wrap___aeabi_d2iz
 .text.__wrap___aeabi_d2uiz
                0x100036e8       0x18 CMakeFiles/trafficlight.dir/C_/pico-sdk/src/rp2_common/pico_double/double_aeabi.S.obj
                0x100036e8                __wrap___aeabi_d2uiz
                0x100036e8                double2uint
 .text.__aeabi_double_init
                0x10003700       0xc8 CMakeFiles/trafficlight.dir/C_/pico-sdk/src/rp2_common/pico_double/double_init_rom.c.obj
                0x10003700                __aeabi_double_init
 .text.double_table_shim_on_use_helper
                0x100037c8       0x34 CMakeFiles/trafficlight.dir/C_/pico-sdk/src/rp2_common/pico_double/double_v1_rom_shim.S.obj
                0x100037c8                double_table_shim_on_use_helper
 .text.__wrap___aeabi_dsub
                0x100037fc       0x10 CMakeFiles/trafficlight.dir/C_/pico-sdk/src/rp2_common/pico_double/double_v1_rom_shim.S.obj
                0x100037fc                drsub_shim
                0x10003802                dsub_shim
 .text.dadd_shim
                0x1000380c      0x15c CMakeFiles/trafficlight.dir/C_/pico-sdk/src/rp2_common/pico_double/double_v1_rom_shim.S.obj
                0x1000380c                dadd_shim
 .text.dmul_shim
                0x10003968      0x15c CMakeFiles/trafficlight.dir/C_/pico-sdk/src/rp2_common/pico_double/double_v1_rom_shim.S.obj
                0x10003968                dmul_shim
 .text.ddiv_shim
                0x10003ac4      0x1b0 CMakeFiles/trafficlight.dir/C_/pico-sdk/src/rp2_common/pico_double/double_v1_rom_shim.S.obj
                0x10003ac4                ddiv_shim
 .text.double2uint_shim
                0x10003c74        0xe CMakeFiles/trafficlight.dir/C_/pico-sdk/src/rp2_common/pico_double/double_v1_rom_shim.S.obj
                0x10003c74                double2uint_shim
                0x10003c76                double2ufix_shim
 *fill*         0x10003c82        0x2 
 .text.double2uint64_shim
                0x10003c84       0x70 CMakeFiles/trafficlight.dir/C_/pico-sdk/src/rp2_common/pico_double/double_v1_rom_shim.S.obj
                0x10003c84                double2uint64_shim
                0x10003c86                double2ufix64_shim
                0x10003ca6                d2fix_a
 .text.dunpacks
                0x10003cf4       0x3c CMakeFiles/trafficlight.dir/C_/pico-sdk/src/rp2_common/pico_double/double_v1_rom_shim.S.obj
                0x10003cf4                dunpacks
 .text.__aeabi_lmul
                0x10003d30       0x32 CMakeFiles/trafficlight.dir/C_/pico-sdk/src/rp2_common/pico_int64_ops/pico_int64_ops_aeabi.S.obj
                0x10003d30                __wrap___aeabi_lmul
 *fill*         0x10003d62        0x2 
 .text.__aeabi_float_init
                0x10003d64       0xfc CMakeFiles/trafficlight.dir/C_/pico-sdk/src/rp2_common/pico_float/float_init_rom.c.obj
                0x10003d64                __aeabi_float_init
 .text.float_table_shim_on_use_helper
                0x10003e60       0x34 CMakeFiles/trafficlight.dir/C_/pico-sdk/src/rp2_common/pico_float/float_v1_rom_shim.S.obj
                0x10003e60                float_table_shim_on_use_helper
 .text          0x10003e94       0x10 CMakeFiles/trafficlight.dir/C_/pico-sdk/src/rp2_common/pico_mem_ops/mem_ops_aeabi.S.obj
                0x10003e94                __aeabi_mem_init
 .text.memset   0x10003ea4        0xc CMakeFiles/trafficlight.dir/C_/pico-sdk/src/rp2_common/pico_mem_ops/mem_ops_aeabi.S.obj
                0x10003ea4                __wrap_memset
 .text.memcpy   0x10003eb0        0xc CMakeFiles/trafficlight.dir/C_/pico-sdk/src/rp2_common/pico_mem_ops/mem_ops_aeabi.S.obj
                0x10003eb0                __wrap_memcpy
                0x10003eb0                __wrap___aeabi_memcpy
 .text.stdio_out_chars_no_crlf
                0x10003ebc        0xe CMakeFiles/trafficlight.dir/C_/pico-sdk/src/rp2_common/pico_stdio/stdio.c.obj
 *fill*         0x10003eca        0x2 
 .text.stdio_out_chars_crlf
                0x10003ecc       0x80 CMakeFiles/trafficlight.dir/C_/pico-sdk/src/rp2_common/pico_stdio/stdio.c.obj
 .text.stdio_stack_buffer_flush
                0x10003f4c       0x44 CMakeFiles/trafficlight.dir/C_/pico-sdk/src/rp2_common/pico_stdio/stdio.c.obj
 .text.stdio_buffered_printer
                0x10003f90       0x20 CMakeFiles/trafficlight.dir/C_/pico-sdk/src/rp2_common/pico_stdio/stdio.c.obj
 .text.stdout_serialize_begin
                0x10003fb0       0x30 CMakeFiles/trafficlight.dir/C_/pico-sdk/src/rp2_common/pico_stdio/stdio.c.obj
                0x10003fb0                stdout_serialize_begin
 .text.stdout_serialize_end
                0x10003fe0       0x10 CMakeFiles/trafficlight.dir/C_/pico-sdk/src/rp2_common/pico_stdio/stdio.c.obj
                0x10003fe0                stdout_serialize_end
 .text.stdio_put_string
                0x10003ff0       0x98 CMakeFiles/trafficlight.dir/C_/pico-sdk/src/rp2_common/pico_stdio/stdio.c.obj
 .text.stdio_flush
                0x10004088       0x20 CMakeFiles/trafficlight.dir/C_/pico-sdk/src/rp2_common/pico_stdio/stdio.c.obj
                0x10004088                stdio_flush
 .text.__wrap_puts
                0x100040a8       0x1e CMakeFiles/trafficlight.dir/C_/pico-sdk/src/rp2_common/pico_stdio/stdio.c.obj
                0x100040a8                __wrap_puts
 *fill*         0x100040c6        0x2 
 .text.__wrap_vprintf
                0x100040c8       0x44 CMakeFiles/trafficlight.dir/C_/pico-sdk/src/rp2_common/pico_stdio/stdio.c.obj
                0x100040c8                __wrap_vprintf
 .text.__wrap_printf
                0x1000410c       0x18 CMakeFiles/trafficlight.dir/C_/pico-sdk/src/rp2_common/pico_stdio/stdio.c.obj
                0x1000410c                __wrap_printf
 .text._retrieve_unique_id_on_boot
                0x10004124       0x10 CMakeFiles/trafficlight.dir/C_/pico-sdk/src/rp2_common/pico_unique_id/unique_id.c.obj
 .text.flash_get_unique_id
                0x10004134       0x46 CMakeFiles/trafficlight.dir/C_/pico-sdk/src/rp2_common/hardware_flash/flash.c.obj
                0x10004134                flash_get_unique_id
 *fill*         0x1000417a        0x2 
 .text.strlen   0x1000417c       0x5c c:/arm-gcc/10.2021.10/bin/../lib/gcc/arm-none-eabi/10.3.1/../../../../arm-none-eabi/lib/thumb/v6-m/nofp\libg.a(lib_a-strlen-stub.o)
                0x1000417c                strlen
 *(.fini)
 .fini          0x100041d8        0x4 c:/arm-gcc/10.2021.10/bin/../lib/gcc/arm-none-eabi/10.3.1/thumb/v6-m/nofp/crti.o
                0x100041d8                _fini
 *fill*         0x100041dc        0x4 
 .fini.__stub   0x100041e0       0x60 linker stubs
 *crtbegin.o(.ctors)
 *crtbegin?.o(.ctors)
 *(EXCLUDE_FILE(*crtend.o *crtend?.o) .ctors)
 *(SORT_BY_NAME(.ctors.*))
 *(.ctors)
 *crtbegin.o(.dtors)
 *crtbegin?.o(.dtors)
 *(EXCLUDE_FILE(*crtend.o *crtend?.o) .dtors)
 *(SORT_BY_NAME(.dtors.*))
 *(.dtors)
 *(.eh_frame*)
 .eh_frame      0x10004240        0x0 c:/arm-gcc/10.2021.10/bin/../lib/gcc/arm-none-eabi/10.3.1/thumb/v6-m/nofp/crtbegin.o
                0x10004240                . = ALIGN (0x4)

.glue_7         0x10004240        0x0
 .glue_7        0x10004240        0x0 linker stubs

.glue_7t        0x10004240        0x0
 .glue_7t       0x10004240        0x0 linker stubs

.vfp11_veneer   0x10004240        0x0
 .vfp11_veneer  0x10004240        0x0 linker stubs

.v4_bx          0x10004240        0x0
 .v4_bx         0x10004240        0x0 linker stubs

.iplt           0x10004240        0x0
 .iplt          0x10004240        0x0 c:/arm-gcc/10.2021.10/bin/../lib/gcc/arm-none-eabi/10.3.1/thumb/v6-m/nofp/crtbegin.o

.rodata         0x10004240      0xf38
 *(EXCLUDE_FILE(*libm.a: *libc.a:*lib_a-mem*.o *libgcc.a:) .rodata*)
 .rodata.make_branch.str1.4
                0x10004240       0x5e CMakeFiles/trafficlight.dir/C_/pico-sdk/src/rp2_common/hardware_irq/irq.c.obj
 *fill*         0x1000429e        0x2 
 .rodata.insert_branch_and_link.str1.4
                0x100042a0       0x10 CMakeFiles/trafficlight.dir/C_/pico-sdk/src/rp2_common/hardware_irq/irq.c.obj
 .rodata.irq_set_exclusive_handler.str1.4
                0x100042b0       0x36 CMakeFiles/trafficlight.dir/C_/pico-sdk/src/rp2_common/hardware_irq/irq.c.obj
 *fill*         0x100042e6        0x2 
 .rodata.irq_add_shared_handler.str1.4
                0x100042e8       0xd9 CMakeFiles/trafficlight.dir/C_/pico-sdk/src/rp2_common/hardware_irq/irq.c.obj
 *fill*         0x100043c1        0x3 
 .rodata.irq_remove_handler.str1.4
                0x100043c4       0x2a CMakeFiles/trafficlight.dir/C_/pico-sdk/src/rp2_common/hardware_irq/irq.c.obj
 *fill*         0x100043ee        0x2 
 .rodata.irq_add_tail_to_free_list.str1.4
                0x100043f0       0x3a CMakeFiles/trafficlight.dir/C_/pico-sdk/src/rp2_common/hardware_irq/irq.c.obj
 *fill*         0x1000442a        0x2 
 .rodata.__func__.0
                0x1000442c       0x1a CMakeFiles/trafficlight.dir/C_/pico-sdk/src/rp2_common/hardware_irq/irq.c.obj
 *fill*         0x10004446        0x2 
 .rodata.__func__.1
                0x10004448       0x17 CMakeFiles/trafficlight.dir/C_/pico-sdk/src/rp2_common/hardware_irq/irq.c.obj
 *fill*         0x1000445f        0x1 
 .rodata.__func__.2
                0x10004460       0x13 CMakeFiles/trafficlight.dir/C_/pico-sdk/src/rp2_common/hardware_irq/irq.c.obj
 *fill*         0x10004473        0x1 
 .rodata.__func__.3
                0x10004474        0xc CMakeFiles/trafficlight.dir/C_/pico-sdk/src/rp2_common/hardware_irq/irq.c.obj
 .rodata.__func__.4
                0x10004480        0xf CMakeFiles/trafficlight.dir/C_/pico-sdk/src/rp2_common/hardware_irq/irq.c.obj
 *fill*         0x1000448f        0x1 
 .rodata.__func__.6
                0x10004490       0x1a CMakeFiles/trafficlight.dir/C_/pico-sdk/src/rp2_common/hardware_irq/irq.c.obj
 *fill*         0x100044aa        0x2 
 .rodata.repeating_timer_callback.str1.4
                0x100044ac       0x3c CMakeFiles/trafficlight.dir/C_/pico-sdk/src/common/pico_time/time.c.obj
 .rodata.alarm_pool_dump_key.str1.4
                0x100044e8       0x33 CMakeFiles/trafficlight.dir/C_/pico-sdk/src/common/pico_time/time.c.obj
 *fill*         0x1000451b        0x1 
 .rodata.ph_add_child_node.str1.4
                0x1000451c       0x86 CMakeFiles/trafficlight.dir/C_/pico-sdk/src/common/pico_time/time.c.obj
 *fill*         0x100045a2        0x2 
 .rodata.add_alarm_under_lock.str1.4
                0x100045a4       0x28 CMakeFiles/trafficlight.dir/C_/pico-sdk/src/common/pico_time/time.c.obj
                                 0x2b (size before relaxing)
 .rodata.alarm_pool_alarm_callback.str1.4
                0x100045cc       0xd6 CMakeFiles/trafficlight.dir/C_/pico-sdk/src/common/pico_time/time.c.obj
 *fill*         0x100046a2        0x2 
 .rodata.alarm_pool_get_default.str1.4
                0x100046a4       0x21 CMakeFiles/trafficlight.dir/C_/pico-sdk/src/common/pico_time/time.c.obj
 *fill*         0x100046c5        0x3 
 .rodata.sleep_until.str1.4
                0x100046c8       0x4d CMakeFiles/trafficlight.dir/C_/pico-sdk/src/common/pico_time/time.c.obj
 *fill*         0x10004715        0x3 
 .rodata.__func__.10
                0x10004718       0x15 CMakeFiles/trafficlight.dir/C_/pico-sdk/src/common/pico_time/time.c.obj
 *fill*         0x1000472d        0x3 
 .rodata.__func__.11
                0x10004730       0x1a CMakeFiles/trafficlight.dir/C_/pico-sdk/src/common/pico_time/time.c.obj
 *fill*         0x1000474a        0x2 
 .rodata.__func__.12
                0x1000474c        0xa CMakeFiles/trafficlight.dir/C_/pico-sdk/src/common/pico_time/time.c.obj
 *fill*         0x10004756        0x2 
 .rodata.__func__.3
                0x10004758       0x17 CMakeFiles/trafficlight.dir/C_/pico-sdk/src/common/pico_time/time.c.obj
 *fill*         0x1000476f        0x1 
 .rodata.__func__.4
                0x10004770       0x12 CMakeFiles/trafficlight.dir/C_/pico-sdk/src/common/pico_time/time.c.obj
 *fill*         0x10004782        0x2 
 .rodata.__func__.5
                0x10004784        0xd CMakeFiles/trafficlight.dir/C_/pico-sdk/src/common/pico_time/time.c.obj
 *fill*         0x10004791        0x3 
 .rodata.__func__.6
                0x10004794       0x12 CMakeFiles/trafficlight.dir/C_/pico-sdk/src/common/pico_time/time.c.obj
 *fill*         0x100047a6        0x2 
 .rodata.__func__.7
                0x100047a8        0xf CMakeFiles/trafficlight.dir/C_/pico-sdk/src/common/pico_time/time.c.obj
 *fill*         0x100047b7        0x1 
 .rodata.__func__.8
                0x100047b8        0xc CMakeFiles/trafficlight.dir/C_/pico-sdk/src/common/pico_time/time.c.obj
 .rodata.__func__.9
                0x100047c4       0x15 CMakeFiles/trafficlight.dir/C_/pico-sdk/src/common/pico_time/time.c.obj
 *fill*         0x100047d9        0x3 
 .rodata.hardware_alarm_claim.str1.4
                0x100047dc       0x22 CMakeFiles/trafficlight.dir/C_/pico-sdk/src/rp2_common/hardware_timer/timer.c.obj
 *fill*         0x100047fe        0x2 
 .rodata.hardware_alarm_set_target.str1.4
                0x10004800       0x56 CMakeFiles/trafficlight.dir/C_/pico-sdk/src/rp2_common/hardware_timer/timer.c.obj
 *fill*         0x10004856        0x2 
 .rodata.__func__.0
                0x10004858       0x1a CMakeFiles/trafficlight.dir/C_/pico-sdk/src/rp2_common/hardware_timer/timer.c.obj
 .rodata.ph_add_child_node.str1.4
                0x10004872       0x86 CMakeFiles/trafficlight.dir/C_/pico-sdk/src/common/pico_util/pheap.c.obj
 *fill*         0x10004872        0x2 
 .rodata.ph_remove_any_head.str1.4
                0x10004874       0x80 CMakeFiles/trafficlight.dir/C_/pico-sdk/src/common/pico_util/pheap.c.obj
 .rodata.ph_remove_and_free_node.str1.4
                0x100048f4       0x1e CMakeFiles/trafficlight.dir/C_/pico-sdk/src/common/pico_util/pheap.c.obj
                                 0x26 (size before relaxing)
 *fill*         0x10004912        0x2 
 .rodata.__func__.0
                0x10004914       0x18 CMakeFiles/trafficlight.dir/C_/pico-sdk/src/common/pico_util/pheap.c.obj
 .rodata.__func__.1
                0x1000492c       0x13 CMakeFiles/trafficlight.dir/C_/pico-sdk/src/common/pico_util/pheap.c.obj
 *fill*         0x1000493f        0x1 
 .rodata.__func__.2
                0x10004940       0x12 CMakeFiles/trafficlight.dir/C_/pico-sdk/src/common/pico_util/pheap.c.obj
 *fill*         0x10004952        0x2 
 .rodata.__func__.3
                0x10004954        0xc CMakeFiles/trafficlight.dir/C_/pico-sdk/src/common/pico_util/pheap.c.obj
 .rodata.str1.4
                0x10004960       0x7d CMakeFiles/trafficlight.dir/C_/pico-sdk/src/common/pico_sync/mutex.c.obj
                                 0xd1 (size before relaxing)
 *fill*         0x100049dd        0x3 
 .rodata.__func__.1
                0x100049e0        0xb CMakeFiles/trafficlight.dir/C_/pico-sdk/src/common/pico_sync/mutex.c.obj
 *fill*         0x100049eb        0x1 
 .rodata.__assert_func.str1.4
                0x100049ec       0x3f CMakeFiles/trafficlight.dir/C_/pico-sdk/src/rp2_common/pico_runtime/runtime.c.obj
                                 0x43 (size before relaxing)
 *fill*         0x10004a2b        0x1 
 .rodata.runtime_init.str1.4
                0x10004a2c       0x52 CMakeFiles/trafficlight.dir/C_/pico-sdk/src/rp2_common/pico_runtime/runtime.c.obj
 *fill*         0x10004a7e        0x2 
 .rodata.panic.str1.4
                0x10004a80       0x12 CMakeFiles/trafficlight.dir/C_/pico-sdk/src/rp2_common/pico_runtime/runtime.c.obj
 *fill*         0x10004a92        0x2 
 .rodata.__func__.1
                0x10004a94        0xd CMakeFiles/trafficlight.dir/C_/pico-sdk/src/rp2_common/pico_runtime/runtime.c.obj
 *fill*         0x10004aa1        0x3 
 .rodata.clock_configure.str1.4
                0x10004aa4       0x48 CMakeFiles/trafficlight.dir/C_/pico-sdk/src/rp2_common/hardware_clocks/clocks.c.obj
 .rodata.__func__.1
                0x10004aec       0x10 CMakeFiles/trafficlight.dir/C_/pico-sdk/src/rp2_common/hardware_clocks/clocks.c.obj
 .rodata.pll_init.str1.4
                0x10004afc      0x12b CMakeFiles/trafficlight.dir/C_/pico-sdk/src/rp2_common/hardware_pll/pll.c.obj
 *fill*         0x10004c27        0x1 
 .rodata.__func__.0
                0x10004c28        0x9 CMakeFiles/trafficlight.dir/C_/pico-sdk/src/rp2_common/hardware_pll/pll.c.obj
 *fill*         0x10004c31        0x3 
 .rodata._ftoa.str1.4
                0x10004c34       0x15 CMakeFiles/trafficlight.dir/C_/pico-sdk/src/rp2_common/pico_printf/printf.c.obj
 *fill*         0x10004c49        0x3 
 .rodata._vsnprintf
                0x10004c4c      0x1e0 CMakeFiles/trafficlight.dir/C_/pico-sdk/src/rp2_common/pico_printf/printf.c.obj
 *fill*         0x10004e2c        0x4 
 .rodata.pow10.0
                0x10004e30       0x50 CMakeFiles/trafficlight.dir/C_/pico-sdk/src/rp2_common/pico_printf/printf.c.obj
 .rodata.__aeabi_double_init.str1.4
                0x10004e80       0x99 CMakeFiles/trafficlight.dir/C_/pico-sdk/src/rp2_common/pico_double/double_init_rom.c.obj
 *fill*         0x10004f19        0x3 
 .rodata.__func__.0
                0x10004f1c       0x14 CMakeFiles/trafficlight.dir/C_/pico-sdk/src/rp2_common/pico_double/double_init_rom.c.obj
 .rodata.__aeabi_float_init.str1.4
                0x10004f30       0x6b CMakeFiles/trafficlight.dir/C_/pico-sdk/src/rp2_common/pico_float/float_init_rom.c.obj
                                 0x6f (size before relaxing)
 *fill*         0x10004f9b        0x1 
 .rodata.__func__.0
                0x10004f9c       0x13 CMakeFiles/trafficlight.dir/C_/pico-sdk/src/rp2_common/pico_float/float_init_rom.c.obj
 *fill*         0x10004faf        0x1 
 .rodata.str1.4
                0x10004fb0       0x44 CMakeFiles/trafficlight.dir/C_/pico-sdk/src/rp2_common/pico_standard_link/binary_info.c.obj
 .rodata.__bi_44
                0x10004ff4        0xc CMakeFiles/trafficlight.dir/C_/pico-sdk/src/rp2_common/pico_standard_link/binary_info.c.obj
 .rodata.__bi_75
                0x10005000        0xc CMakeFiles/trafficlight.dir/C_/pico-sdk/src/rp2_common/pico_standard_link/binary_info.c.obj
 .rodata.__bi_81
                0x1000500c        0xc CMakeFiles/trafficlight.dir/C_/pico-sdk/src/rp2_common/pico_standard_link/binary_info.c.obj
 .rodata.crlf_str.3
                0x10005018        0x2 CMakeFiles/trafficlight.dir/C_/pico-sdk/src/rp2_common/pico_stdio/stdio.c.obj
 *fill*         0x1000501a        0x2 
 .rodata.str1.4
                0x1000501c      0x14a CMakeFiles/trafficlight.dir/C_/pico-sdk/src/rp2_common/hardware_flash/flash.c.obj
 *fill*         0x10005166        0x2 
 .rodata.__func__.0
                0x10005168        0xd CMakeFiles/trafficlight.dir/C_/pico-sdk/src/rp2_common/hardware_flash/flash.c.obj
                0x10005178                . = ALIGN (0x4)
 *fill*         0x10005175        0x3 
 *(SORT_BY_ALIGNMENT(SORT_BY_NAME(.flashdata*)))
                0x10005178                . = ALIGN (0x4)

.rel.dyn        0x10005178        0x0
 .rel.iplt      0x10005178        0x0 c:/arm-gcc/10.2021.10/bin/../lib/gcc/arm-none-eabi/10.3.1/thumb/v6-m/nofp/crtbegin.o

.ARM.extab
 *(.ARM.extab* .gnu.linkonce.armextab.*)
                0x10005178                __exidx_start = .

.ARM.exidx
 *(.ARM.exidx* .gnu.linkonce.armexidx.*)
                0x10005178                __exidx_end = .
                0x10005178                . = ALIGN (0x4)
                0x10005178                __binary_info_start = .

.binary_info    0x10005178       0x1c
 *(.binary_info.keep.*)
 .binary_info.keep.__bi_ptr22
                0x10005178        0x4 CMakeFiles/trafficlight.dir/C_/pico-sdk/src/rp2_common/pico_standard_link/binary_info.c.obj
 .binary_info.keep.__bi_ptr30
                0x1000517c        0x4 CMakeFiles/trafficlight.dir/C_/pico-sdk/src/rp2_common/pico_standard_link/binary_info.c.obj
 .binary_info.keep.__bi_ptr38
                0x10005180        0x4 CMakeFiles/trafficlight.dir/C_/pico-sdk/src/rp2_common/pico_standard_link/binary_info.c.obj
 .binary_info.keep.__bi_ptr44
                0x10005184        0x4 CMakeFiles/trafficlight.dir/C_/pico-sdk/src/rp2_common/pico_standard_link/binary_info.c.obj
 .binary_info.keep.__bi_ptr50
                0x10005188        0x4 CMakeFiles/trafficlight.dir/C_/pico-sdk/src/rp2_common/pico_standard_link/binary_info.c.obj
 .binary_info.keep.__bi_ptr75
                0x1000518c        0x4 CMakeFiles/trafficlight.dir/C_/pico-sdk/src/rp2_common/pico_standard_link/binary_info.c.obj
 .binary_info.keep.__bi_ptr81
                0x10005190        0x4 CMakeFiles/trafficlight.dir/C_/pico-sdk/src/rp2_common/pico_standard_link/binary_info.c.obj
 *(.binary_info.*)
                0x10005194                __binary_info_end = .
                0x10005194                . = ALIGN (0x4)
                0x10005194                __etext = .

.ram_vector_table
                0x20000000       0xc0
 *(.ram_vector_table)
 .ram_vector_table
                0x20000000       0xc0 CMakeFiles/trafficlight.dir/C_/pico-sdk/src/rp2_common/pico_runtime/runtime.c.obj
                0x20000000                ram_vector_table

.data           0x200000c0      0x2f0 load address 0x10005194
                0x200000c0                __data_start__ = .
 *(vtable)
 *(.time_critical*)
 .time_critical.mutex_enter_blocking
                0x200000c0       0x48 CMakeFiles/trafficlight.dir/C_/pico-sdk/src/common/pico_sync/mutex.c.obj
                0x200000c0                mutex_enter_blocking
 .time_critical.mutex_try_enter
                0x20000108       0x46 CMakeFiles/trafficlight.dir/C_/pico-sdk/src/common/pico_sync/mutex.c.obj
                0x20000108                mutex_try_enter
 *fill*         0x2000014e        0x2 
 .time_critical.mutex_exit
                0x20000150       0x4c CMakeFiles/trafficlight.dir/C_/pico-sdk/src/common/pico_sync/mutex.c.obj
                0x20000150                mutex_exit
 .time_critical.flash_init_boot2_copyout
                0x2000019c       0x30 CMakeFiles/trafficlight.dir/C_/pico-sdk/src/rp2_common/hardware_flash/flash.c.obj
 .time_critical.flash_enable_xip_via_boot2
                0x200001cc       0x10 CMakeFiles/trafficlight.dir/C_/pico-sdk/src/rp2_common/hardware_flash/flash.c.obj
 .time_critical.flash_cs_force
                0x200001dc       0x28 CMakeFiles/trafficlight.dir/C_/pico-sdk/src/rp2_common/hardware_flash/flash.c.obj
 .time_critical.flash_do_cmd
                0x20000204       0xd8 CMakeFiles/trafficlight.dir/C_/pico-sdk/src/rp2_common/hardware_flash/flash.c.obj
                0x20000204                flash_do_cmd
 *(.text*)
 .text          0x200002dc        0x4 c:/arm-gcc/10.2021.10/bin/../lib/gcc/arm-none-eabi/10.3.1/thumb/v6-m/nofp\libgcc.a(_dvmd_tls.o)
                0x200002dc                __aeabi_idiv0
                0x200002dc                __aeabi_ldiv0
 .text.__stub   0x200002e0       0x10 linker stubs
                0x200002f0                . = ALIGN (0x4)
 *(.rodata*)
                0x200002f0                . = ALIGN (0x4)
 *(.data*)
 .data.striped_spin_lock_num
                0x200002f0        0x1 CMakeFiles/trafficlight.dir/C_/pico-sdk/src/rp2_common/hardware_sync/sync.c.obj
 *fill*         0x200002f1        0x3 
 .data          0x200002f4       0x48 CMakeFiles/trafficlight.dir/C_/pico-sdk/src/rp2_common/hardware_irq/irq_handler_chain.S.obj
                0x200002f4                irq_handler_chain_slots
                0x20000324                irq_handler_chain_first_slot
                0x2000032e                irq_handler_chain_remove_tail
 .data.default_alarm_pool
                0x2000033c       0x18 CMakeFiles/trafficlight.dir/C_/pico-sdk/src/common/pico_time/time.c.obj
 .data.default_alarm_pool_heap
                0x20000354       0x10 CMakeFiles/trafficlight.dir/C_/pico-sdk/src/common/pico_time/time.c.obj
 *fill*         0x20000364        0xc 
 .data.aeabi_bits_funcs
                0x20000370       0x10 CMakeFiles/trafficlight.dir/C_/pico-sdk/src/rp2_common/pico_bit_ops/bit_ops_aeabi.S.obj
                0x20000370                aeabi_bits_funcs
                0x20000380                aeabi_bits_funcs_end
 .data.aeabi_mem_funcs
                0x20000380       0x10 CMakeFiles/trafficlight.dir/C_/pico-sdk/src/rp2_common/pico_mem_ops/mem_ops_aeabi.S.obj
                0x20000380                aeabi_mem_funcs
                0x20000390                aeabi_mem_funcs_end
                0x20000390                . = ALIGN (0x4)
 *(.after_data.*)
                0x20000390                . = ALIGN (0x4)
                0x20000390                PROVIDE (__mutex_array_start = .)
 *(SORT_BY_NAME(.mutex_array.*))
 *(.mutex_array)
 .mutex_array   0x20000390        0x8 CMakeFiles/trafficlight.dir/C_/pico-sdk/src/rp2_common/pico_stdio/stdio.c.obj
                0x20000398                PROVIDE (__mutex_array_end = .)
                0x20000398                . = ALIGN (0x4)
                0x20000398                PROVIDE (__preinit_array_start = .)
 *(SORT_BY_NAME(.preinit_array.*))
 .preinit_array.00001
                0x20000398        0x4 CMakeFiles/trafficlight.dir/C_/pico-sdk/src/rp2_common/pico_mem_ops/mem_ops_aeabi.S.obj
 .preinit_array.00010
                0x2000039c        0x4 CMakeFiles/trafficlight.dir/C_/pico-sdk/src/rp2_common/pico_bit_ops/bit_ops_aeabi.S.obj
 .preinit_array.00020
                0x200003a0        0x4 CMakeFiles/trafficlight.dir/C_/pico-sdk/src/rp2_common/pico_double/double_aeabi.S.obj
 .preinit_array.00020
                0x200003a4        0x4 CMakeFiles/trafficlight.dir/C_/pico-sdk/src/rp2_common/pico_float/float_aeabi.S.obj
 *(.preinit_array)
                0x200003a8                PROVIDE (__preinit_array_end = .)
                0x200003a8                . = ALIGN (0x4)
                0x200003a8                PROVIDE (__init_array_start = .)
 *(SORT_BY_NAME(.init_array.*))
 *(.init_array)
 .init_array    0x200003a8        0x4 c:/arm-gcc/10.2021.10/bin/../lib/gcc/arm-none-eabi/10.3.1/thumb/v6-m/nofp/crtbegin.o
 .init_array    0x200003ac        0x4 CMakeFiles/trafficlight.dir/C_/pico-sdk/src/rp2_common/pico_unique_id/unique_id.c.obj
                0x200003b0                PROVIDE (__init_array_end = .)
                0x200003b0                . = ALIGN (0x4)
                [!provide]                PROVIDE (__fini_array_start = .)
 *(SORT_BY_NAME(.fini_array.*))
 *(.fini_array)
                [!provide]                PROVIDE (__fini_array_end = .)
 *(.jcr)
                0x200003b0                . = ALIGN (0x4)
                0x200003b0                __data_end__ = .

.igot.plt       0x200003b0        0x0 load address 0x10005484
 .igot.plt      0x200003b0        0x0 c:/arm-gcc/10.2021.10/bin/../lib/gcc/arm-none-eabi/10.3.1/thumb/v6-m/nofp/crtbegin.o

.uninitialized_data
                0x200003b0        0x0 load address 0x10005484
                0x200003b0                . = ALIGN (0x4)
 *(.uninitialized_data*)

.scratch_x      0x20040000        0x0 load address 0x10005484
                0x20040000                __scratch_x_start__ = .
 *(.scratch_x.*)
                0x20040000                . = ALIGN (0x4)
                0x20040000                __scratch_x_end__ = .
                0x10005484                __scratch_x_source__ = LOADADDR (.scratch_x)

.scratch_y      0x20041000        0x0 load address 0x10005484
                0x20041000                __scratch_y_start__ = .
 *(.scratch_y.*)
                0x20041000                . = ALIGN (0x4)
                0x20041000                __scratch_y_end__ = .
                0x10005484                __scratch_y_source__ = LOADADDR (.scratch_y)

.bss            0x200003b0      0x4d0
                0x200003b0                . = ALIGN (0x4)
                0x200003b0                __bss_start__ = .
 *(SORT_BY_ALIGNMENT(SORT_BY_NAME(.bss*)))
 .bss.default_alarm_pool_entries
                0x200003b0      0x100 CMakeFiles/trafficlight.dir/C_/pico-sdk/src/common/pico_time/time.c.obj
 .bss           0x200004b0       0x1c c:/arm-gcc/10.2021.10/bin/../lib/gcc/arm-none-eabi/10.3.1/thumb/v6-m/nofp/crtbegin.o
 .bss.alarm_callbacks
                0x200004cc       0x10 CMakeFiles/trafficlight.dir/C_/pico-sdk/src/rp2_common/hardware_timer/timer.c.obj
 .bss.boot2_copyout
                0x200004dc      0x100 CMakeFiles/trafficlight.dir/C_/pico-sdk/src/rp2_common/hardware_flash/flash.c.obj
 .bss.configured_freq
                0x200005dc       0x28 CMakeFiles/trafficlight.dir/C_/pico-sdk/src/rp2_common/hardware_clocks/clocks.c.obj
 .bss.default_alarm_pool_entry_ids_high
                0x20000604       0x10 CMakeFiles/trafficlight.dir/C_/pico-sdk/src/common/pico_time/time.c.obj
 .bss.default_alarm_pool_heap_nodes
                0x20000614       0x30 CMakeFiles/trafficlight.dir/C_/pico-sdk/src/common/pico_time/time.c.obj
 .bss.drivers   0x20000644        0x4 CMakeFiles/trafficlight.dir/C_/pico-sdk/src/rp2_common/pico_stdio/stdio.c.obj
 .bss.filter    0x20000648        0x4 CMakeFiles/trafficlight.dir/C_/pico-sdk/src/rp2_common/pico_stdio/stdio.c.obj
 .bss.pools     0x2000064c       0x10 CMakeFiles/trafficlight.dir/C_/pico-sdk/src/common/pico_time/time.c.obj
 .bss.retrieved_id
                0x2000065c        0x8 CMakeFiles/trafficlight.dir/C_/pico-sdk/src/rp2_common/pico_unique_id/unique_id.c.obj
 .bss.sd_table  0x20000664      0x100 CMakeFiles/trafficlight.dir/C_/pico-sdk/src/rp2_common/pico_double/double_init_rom.c.obj
                0x20000664                sd_table
 .bss.sf_clz_func
                0x20000764        0x4 CMakeFiles/trafficlight.dir/C_/pico-sdk/src/rp2_common/pico_double/double_init_rom.c.obj
                0x20000764                sf_clz_func
 .bss.sf_table  0x20000768      0x100 CMakeFiles/trafficlight.dir/C_/pico-sdk/src/rp2_common/pico_float/float_init_rom.c.obj
                0x20000768                sf_table
 .bss.sleep_notifier
                0x20000868        0x4 CMakeFiles/trafficlight.dir/C_/pico-sdk/src/common/pico_time/time.c.obj
 .bss.target_hi
                0x2000086c       0x10 CMakeFiles/trafficlight.dir/C_/pico-sdk/src/rp2_common/hardware_timer/timer.c.obj
 .bss.boot2_copyout_valid
                0x2000087c        0x1 CMakeFiles/trafficlight.dir/C_/pico-sdk/src/rp2_common/hardware_flash/flash.c.obj
 .bss.claimed   0x2000087d        0x1 CMakeFiles/trafficlight.dir/C_/pico-sdk/src/rp2_common/hardware_timer/timer.c.obj
 .bss.irq_hander_chain_free_slot_head
                0x2000087e        0x1 CMakeFiles/trafficlight.dir/C_/pico-sdk/src/rp2_common/hardware_irq/irq.c.obj
 .bss.timer_callbacks_pending
                0x2000087f        0x1 CMakeFiles/trafficlight.dir/C_/pico-sdk/src/rp2_common/hardware_timer/timer.c.obj
 *(COMMON)
                0x20000880                . = ALIGN (0x4)
                0x20000880                __bss_end__ = .

.heap           0x20000880      0x800
                0x20000880                __end__ = .
                0x20000880                end = __end__
 *(.heap*)
 .heap          0x20000880      0x800 CMakeFiles/trafficlight.dir/C_/pico-sdk/src/rp2_common/pico_standard_link/crt0.S.obj
                0x20001080                __HeapLimit = .

.stack1_dummy   0x20040000        0x0
 *(.stack1*)

.stack_dummy    0x20041000      0x800
 *(.stack*)
 .stack         0x20041000      0x800 CMakeFiles/trafficlight.dir/C_/pico-sdk/src/rp2_common/pico_standard_link/crt0.S.obj

.flash_end      0x10005484        0x0
                0x10005484                __flash_binary_end = .
                0x20040000                __StackLimit = (ORIGIN (RAM) + LENGTH (RAM))
                0x20041000                __StackOneTop = (ORIGIN (SCRATCH_X) + LENGTH (SCRATCH_X))
                0x20042000                __StackTop = (ORIGIN (SCRATCH_Y) + LENGTH (SCRATCH_Y))
                0x20041000                __StackOneBottom = (__StackOneTop - SIZEOF (.stack1_dummy))
                0x20041800                __StackBottom = (__StackTop - SIZEOF (.stack_dummy))
                0x20042000                PROVIDE (__stack = __StackTop)
                0x00000001                ASSERT ((__StackLimit >= __HeapLimit), region RAM overflowed)
                0x00000001                ASSERT (((__binary_info_header_end - __logical_binary_start) <= 0x100), Binary info must be in first 256 bytes of the binary)
LOAD CMakeFiles/trafficlight.dir/main.c.obj
LOAD CMakeFiles/trafficlight.dir/C_/pico-sdk/src/rp2_common/pico_stdlib/stdlib.c.obj
LOAD CMakeFiles/trafficlight.dir/C_/pico-sdk/src/rp2_common/hardware_gpio/gpio.c.obj
LOAD CMakeFiles/trafficlight.dir/C_/pico-sdk/src/rp2_common/hardware_claim/claim.c.obj
LOAD CMakeFiles/trafficlight.dir/C_/pico-sdk/src/rp2_common/pico_platform/platform.c.obj
LOAD CMakeFiles/trafficlight.dir/C_/pico-sdk/src/rp2_common/hardware_sync/sync.c.obj
LOAD CMakeFiles/trafficlight.dir/C_/pico-sdk/src/rp2_common/hardware_irq/irq.c.obj
LOAD CMakeFiles/trafficlight.dir/C_/pico-sdk/src/rp2_common/hardware_irq/irq_handler_chain.S.obj
LOAD CMakeFiles/trafficlight.dir/C_/pico-sdk/src/common/pico_sync/sem.c.obj
LOAD CMakeFiles/trafficlight.dir/C_/pico-sdk/src/common/pico_sync/lock_core.c.obj
LOAD CMakeFiles/trafficlight.dir/C_/pico-sdk/src/common/pico_time/time.c.obj
LOAD CMakeFiles/trafficlight.dir/C_/pico-sdk/src/common/pico_time/timeout_helper.c.obj
LOAD CMakeFiles/trafficlight.dir/C_/pico-sdk/src/rp2_common/hardware_timer/timer.c.obj
LOAD CMakeFiles/trafficlight.dir/C_/pico-sdk/src/common/pico_util/datetime.c.obj
LOAD CMakeFiles/trafficlight.dir/C_/pico-sdk/src/common/pico_util/pheap.c.obj
LOAD CMakeFiles/trafficlight.dir/C_/pico-sdk/src/common/pico_util/queue.c.obj
LOAD CMakeFiles/trafficlight.dir/C_/pico-sdk/src/common/pico_sync/mutex.c.obj
LOAD CMakeFiles/trafficlight.dir/C_/pico-sdk/src/common/pico_sync/critical_section.c.obj
LOAD CMakeFiles/trafficlight.dir/C_/pico-sdk/src/rp2_common/hardware_uart/uart.c.obj
LOAD CMakeFiles/trafficlight.dir/C_/pico-sdk/src/rp2_common/hardware_divider/divider.S.obj
LOAD CMakeFiles/trafficlight.dir/C_/pico-sdk/src/rp2_common/pico_runtime/runtime.c.obj
LOAD CMakeFiles/trafficlight.dir/C_/pico-sdk/src/rp2_common/hardware_clocks/clocks.c.obj
LOAD CMakeFiles/trafficlight.dir/C_/pico-sdk/src/rp2_common/hardware_pll/pll.c.obj
LOAD CMakeFiles/trafficlight.dir/C_/pico-sdk/src/rp2_common/hardware_vreg/vreg.c.obj
LOAD CMakeFiles/trafficlight.dir/C_/pico-sdk/src/rp2_common/hardware_watchdog/watchdog.c.obj
LOAD CMakeFiles/trafficlight.dir/C_/pico-sdk/src/rp2_common/hardware_xosc/xosc.c.obj
LOAD CMakeFiles/trafficlight.dir/C_/pico-sdk/src/rp2_common/pico_printf/printf.c.obj
LOAD CMakeFiles/trafficlight.dir/C_/pico-sdk/src/rp2_common/pico_bit_ops/bit_ops_aeabi.S.obj
LOAD CMakeFiles/trafficlight.dir/C_/pico-sdk/src/rp2_common/pico_bootrom/bootrom.c.obj
LOAD CMakeFiles/trafficlight.dir/C_/pico-sdk/src/rp2_common/pico_divider/divider.S.obj
LOAD CMakeFiles/trafficlight.dir/C_/pico-sdk/src/rp2_common/pico_double/double_aeabi.S.obj
LOAD CMakeFiles/trafficlight.dir/C_/pico-sdk/src/rp2_common/pico_double/double_init_rom.c.obj
LOAD CMakeFiles/trafficlight.dir/C_/pico-sdk/src/rp2_common/pico_double/double_math.c.obj
LOAD CMakeFiles/trafficlight.dir/C_/pico-sdk/src/rp2_common/pico_double/double_v1_rom_shim.S.obj
LOAD CMakeFiles/trafficlight.dir/C_/pico-sdk/src/rp2_common/pico_int64_ops/pico_int64_ops_aeabi.S.obj
LOAD CMakeFiles/trafficlight.dir/C_/pico-sdk/src/rp2_common/pico_float/float_aeabi.S.obj
LOAD CMakeFiles/trafficlight.dir/C_/pico-sdk/src/rp2_common/pico_float/float_init_rom.c.obj
LOAD CMakeFiles/trafficlight.dir/C_/pico-sdk/src/rp2_common/pico_float/float_math.c.obj
LOAD CMakeFiles/trafficlight.dir/C_/pico-sdk/src/rp2_common/pico_float/float_v1_rom_shim.S.obj
LOAD CMakeFiles/trafficlight.dir/C_/pico-sdk/src/rp2_common/pico_malloc/pico_malloc.c.obj
LOAD CMakeFiles/trafficlight.dir/C_/pico-sdk/src/rp2_common/pico_mem_ops/mem_ops_aeabi.S.obj
LOAD CMakeFiles/trafficlight.dir/C_/pico-sdk/src/rp2_common/pico_standard_link/crt0.S.obj
LOAD CMakeFiles/trafficlight.dir/C_/pico-sdk/src/rp2_common/pico_standard_link/new_delete.cpp.obj
LOAD CMakeFiles/trafficlight.dir/C_/pico-sdk/src/rp2_common/pico_standard_link/binary_info.c.obj
LOAD CMakeFiles/trafficlight.dir/C_/pico-sdk/src/rp2_common/pico_stdio/stdio.c.obj
LOAD CMakeFiles/trafficlight.dir/C_/pico-sdk/src/rp2_common/pico_stdio_usb/reset_interface.c.obj
LOAD CMakeFiles/trafficlight.dir/C_/pico-sdk/src/rp2_common/pico_stdio_usb/stdio_usb.c.obj
LOAD CMakeFiles/trafficlight.dir/C_/pico-sdk/src/rp2_common/pico_stdio_usb/stdio_usb_descriptors.c.obj
LOAD CMakeFiles/trafficlight.dir/C_/pico-sdk/lib/tinyusb/src/portable/raspberrypi/rp2040/dcd_rp2040.c.obj
LOAD CMakeFiles/trafficlight.dir/C_/pico-sdk/lib/tinyusb/src/portable/raspberrypi/rp2040/rp2040_usb.c.obj
LOAD CMakeFiles/trafficlight.dir/C_/pico-sdk/lib/tinyusb/src/device/usbd.c.obj
LOAD CMakeFiles/trafficlight.dir/C_/pico-sdk/lib/tinyusb/src/device/usbd_control.c.obj
LOAD CMakeFiles/trafficlight.dir/C_/pico-sdk/lib/tinyusb/src/class/audio/audio_device.c.obj
LOAD CMakeFiles/trafficlight.dir/C_/pico-sdk/lib/tinyusb/src/class/cdc/cdc_device.c.obj
LOAD CMakeFiles/trafficlight.dir/C_/pico-sdk/lib/tinyusb/src/class/dfu/dfu_device.c.obj
LOAD CMakeFiles/trafficlight.dir/C_/pico-sdk/lib/tinyusb/src/class/dfu/dfu_rt_device.c.obj
LOAD CMakeFiles/trafficlight.dir/C_/pico-sdk/lib/tinyusb/src/class/hid/hid_device.c.obj
LOAD CMakeFiles/trafficlight.dir/C_/pico-sdk/lib/tinyusb/src/class/midi/midi_device.c.obj
LOAD CMakeFiles/trafficlight.dir/C_/pico-sdk/lib/tinyusb/src/class/msc/msc_device.c.obj
LOAD CMakeFiles/trafficlight.dir/C_/pico-sdk/lib/tinyusb/src/class/net/ecm_rndis_device.c.obj
LOAD CMakeFiles/trafficlight.dir/C_/pico-sdk/lib/tinyusb/src/class/net/ncm_device.c.obj
LOAD CMakeFiles/trafficlight.dir/C_/pico-sdk/lib/tinyusb/src/class/usbtmc/usbtmc_device.c.obj
LOAD CMakeFiles/trafficlight.dir/C_/pico-sdk/lib/tinyusb/src/class/vendor/vendor_device.c.obj
LOAD CMakeFiles/trafficlight.dir/C_/pico-sdk/lib/tinyusb/src/class/video/video_device.c.obj
LOAD CMakeFiles/trafficlight.dir/C_/pico-sdk/lib/tinyusb/src/tusb.c.obj
LOAD CMakeFiles/trafficlight.dir/C_/pico-sdk/lib/tinyusb/src/common/tusb_fifo.c.obj
LOAD CMakeFiles/trafficlight.dir/C_/pico-sdk/src/rp2_common/pico_fix/rp2040_usb_device_enumeration/rp2040_usb_device_enumeration.c.obj
LOAD CMakeFiles/trafficlight.dir/C_/pico-sdk/src/rp2_common/pico_unique_id/unique_id.c.obj
LOAD CMakeFiles/trafficlight.dir/C_/pico-sdk/src/rp2_common/hardware_flash/flash.c.obj
LOAD C:\Users\Cristian\AppData\Local\Temp\cc3H2DYh.o
LOAD c:/arm-gcc/10.2021.10/bin/../lib/gcc/arm-none-eabi/10.3.1/../../../../arm-none-eabi/lib/thumb/v6-m/nofp\libstdc++.a
LOAD c:/arm-gcc/10.2021.10/bin/../lib/gcc/arm-none-eabi/10.3.1/../../../../arm-none-eabi/lib/thumb/v6-m/nofp\libm.a
START GROUP
LOAD c:/arm-gcc/10.2021.10/bin/../lib/gcc/arm-none-eabi/10.3.1/thumb/v6-m/nofp\libgcc.a
LOAD c:/arm-gcc/10.2021.10/bin/../lib/gcc/arm-none-eabi/10.3.1/../../../../arm-none-eabi/lib/thumb/v6-m/nofp\libg.a
LOAD c:/arm-gcc/10.2021.10/bin/../lib/gcc/arm-none-eabi/10.3.1/../../../../arm-none-eabi/lib/thumb/v6-m/nofp\libc.a
END GROUP
START GROUP
LOAD c:/arm-gcc/10.2021.10/bin/../lib/gcc/arm-none-eabi/10.3.1/thumb/v6-m/nofp\libgcc.a
LOAD c:/arm-gcc/10.2021.10/bin/../lib/gcc/arm-none-eabi/10.3.1/../../../../arm-none-eabi/lib/thumb/v6-m/nofp\libc.a
LOAD c:/arm-gcc/10.2021.10/bin/../lib/gcc/arm-none-eabi/10.3.1/../../../../arm-none-eabi/lib/thumb/v6-m/nofp\libnosys.a
END GROUP
LOAD c:/arm-gcc/10.2021.10/bin/../lib/gcc/arm-none-eabi/10.3.1/thumb/v6-m/nofp/crtend.o
LOAD c:/arm-gcc/10.2021.10/bin/../lib/gcc/arm-none-eabi/10.3.1/thumb/v6-m/nofp/crtn.o
OUTPUT(trafficlight.elf elf32-littlearm)
LOAD linker stubs

.ARM.attributes
                0x00000000       0x28
 .ARM.attributes
                0x00000000       0x1e c:/arm-gcc/10.2021.10/bin/../lib/gcc/arm-none-eabi/10.3.1/thumb/v6-m/nofp/crti.o
 .ARM.attributes
                0x0000001e       0x2c c:/arm-gcc/10.2021.10/bin/../lib/gcc/arm-none-eabi/10.3.1/thumb/v6-m/nofp/crtbegin.o
 .ARM.attributes
                0x0000004a       0x2c CMakeFiles/trafficlight.dir/main.c.obj
 .ARM.attributes
                0x00000076       0x2c CMakeFiles/trafficlight.dir/C_/pico-sdk/src/rp2_common/hardware_gpio/gpio.c.obj
 .ARM.attributes
                0x000000a2       0x2c CMakeFiles/trafficlight.dir/C_/pico-sdk/src/rp2_common/hardware_claim/claim.c.obj
 .ARM.attributes
                0x000000ce       0x2c CMakeFiles/trafficlight.dir/C_/pico-sdk/src/rp2_common/pico_platform/platform.c.obj
 .ARM.attributes
                0x000000fa       0x2c CMakeFiles/trafficlight.dir/C_/pico-sdk/src/rp2_common/hardware_sync/sync.c.obj
 .ARM.attributes
                0x00000126       0x2c CMakeFiles/trafficlight.dir/C_/pico-sdk/src/rp2_common/hardware_irq/irq.c.obj
 .ARM.attributes
                0x00000152       0x22 CMakeFiles/trafficlight.dir/C_/pico-sdk/src/rp2_common/hardware_irq/irq_handler_chain.S.obj
 .ARM.attributes
                0x00000174       0x2c CMakeFiles/trafficlight.dir/C_/pico-sdk/src/common/pico_sync/lock_core.c.obj
 .ARM.attributes
                0x000001a0       0x2c CMakeFiles/trafficlight.dir/C_/pico-sdk/src/common/pico_time/time.c.obj
 .ARM.attributes
                0x000001cc       0x2c CMakeFiles/trafficlight.dir/C_/pico-sdk/src/rp2_common/hardware_timer/timer.c.obj
 .ARM.attributes
                0x000001f8       0x2c CMakeFiles/trafficlight.dir/C_/pico-sdk/src/common/pico_util/pheap.c.obj
 .ARM.attributes
                0x00000224       0x2c CMakeFiles/trafficlight.dir/C_/pico-sdk/src/common/pico_sync/mutex.c.obj
 .ARM.attributes
                0x00000250       0x2c CMakeFiles/trafficlight.dir/C_/pico-sdk/src/rp2_common/pico_runtime/runtime.c.obj
 .ARM.attributes
                0x0000027c       0x2c CMakeFiles/trafficlight.dir/C_/pico-sdk/src/rp2_common/hardware_clocks/clocks.c.obj
 .ARM.attributes
                0x000002a8       0x2c CMakeFiles/trafficlight.dir/C_/pico-sdk/src/rp2_common/hardware_pll/pll.c.obj
 .ARM.attributes
                0x000002d4       0x2c CMakeFiles/trafficlight.dir/C_/pico-sdk/src/rp2_common/hardware_watchdog/watchdog.c.obj
 .ARM.attributes
                0x00000300       0x2c CMakeFiles/trafficlight.dir/C_/pico-sdk/src/rp2_common/hardware_xosc/xosc.c.obj
 .ARM.attributes
                0x0000032c       0x2c CMakeFiles/trafficlight.dir/C_/pico-sdk/src/rp2_common/pico_printf/printf.c.obj
 .ARM.attributes
                0x00000358       0x22 CMakeFiles/trafficlight.dir/C_/pico-sdk/src/rp2_common/pico_bit_ops/bit_ops_aeabi.S.obj
 .ARM.attributes
                0x0000037a       0x2c CMakeFiles/trafficlight.dir/C_/pico-sdk/src/rp2_common/pico_bootrom/bootrom.c.obj
 .ARM.attributes
                0x000003a6       0x22 CMakeFiles/trafficlight.dir/C_/pico-sdk/src/rp2_common/pico_divider/divider.S.obj
 .ARM.attributes
                0x000003c8       0x22 CMakeFiles/trafficlight.dir/C_/pico-sdk/src/rp2_common/pico_double/double_aeabi.S.obj
 .ARM.attributes
                0x000003ea       0x2c CMakeFiles/trafficlight.dir/C_/pico-sdk/src/rp2_common/pico_double/double_init_rom.c.obj
 .ARM.attributes
                0x00000416       0x22 CMakeFiles/trafficlight.dir/C_/pico-sdk/src/rp2_common/pico_double/double_v1_rom_shim.S.obj
 .ARM.attributes
                0x00000438       0x22 CMakeFiles/trafficlight.dir/C_/pico-sdk/src/rp2_common/pico_int64_ops/pico_int64_ops_aeabi.S.obj
 .ARM.attributes
                0x0000045a       0x22 CMakeFiles/trafficlight.dir/C_/pico-sdk/src/rp2_common/pico_float/float_aeabi.S.obj
 .ARM.attributes
                0x0000047c       0x2c CMakeFiles/trafficlight.dir/C_/pico-sdk/src/rp2_common/pico_float/float_init_rom.c.obj
 .ARM.attributes
                0x000004a8       0x22 CMakeFiles/trafficlight.dir/C_/pico-sdk/src/rp2_common/pico_float/float_v1_rom_shim.S.obj
 .ARM.attributes
                0x000004ca       0x22 CMakeFiles/trafficlight.dir/C_/pico-sdk/src/rp2_common/pico_mem_ops/mem_ops_aeabi.S.obj
 .ARM.attributes
                0x000004ec       0x22 CMakeFiles/trafficlight.dir/C_/pico-sdk/src/rp2_common/pico_standard_link/crt0.S.obj
 .ARM.attributes
                0x0000050e       0x2c CMakeFiles/trafficlight.dir/C_/pico-sdk/src/rp2_common/pico_standard_link/binary_info.c.obj
 .ARM.attributes
                0x0000053a       0x2c CMakeFiles/trafficlight.dir/C_/pico-sdk/src/rp2_common/pico_stdio/stdio.c.obj
 .ARM.attributes
                0x00000566       0x2c CMakeFiles/trafficlight.dir/C_/pico-sdk/src/rp2_common/pico_unique_id/unique_id.c.obj
 .ARM.attributes
                0x00000592       0x2c CMakeFiles/trafficlight.dir/C_/pico-sdk/src/rp2_common/hardware_flash/flash.c.obj
 .ARM.attributes
                0x000005be       0x22 C:\Users\Cristian\AppData\Local\Temp\cc3H2DYh.o
 .ARM.attributes
                0x000005e0       0x1e c:/arm-gcc/10.2021.10/bin/../lib/gcc/arm-none-eabi/10.3.1/thumb/v6-m/nofp\libgcc.a(_dvmd_tls.o)
 .ARM.attributes
                0x000005fe       0x2c c:/arm-gcc/10.2021.10/bin/../lib/gcc/arm-none-eabi/10.3.1/../../../../arm-none-eabi/lib/thumb/v6-m/nofp\libg.a(lib_a-strlen-stub.o)

.comment        0x00000000       0x49
 .comment       0x00000000       0x49 CMakeFiles/trafficlight.dir/main.c.obj
                                 0x4a (size before relaxing)
 .comment       0x00000049       0x4a CMakeFiles/trafficlight.dir/C_/pico-sdk/src/rp2_common/hardware_gpio/gpio.c.obj
 .comment       0x00000049       0x4a CMakeFiles/trafficlight.dir/C_/pico-sdk/src/rp2_common/hardware_claim/claim.c.obj
 .comment       0x00000049       0x4a CMakeFiles/trafficlight.dir/C_/pico-sdk/src/rp2_common/pico_platform/platform.c.obj
 .comment       0x00000049       0x4a CMakeFiles/trafficlight.dir/C_/pico-sdk/src/rp2_common/hardware_sync/sync.c.obj
 .comment       0x00000049       0x4a CMakeFiles/trafficlight.dir/C_/pico-sdk/src/rp2_common/hardware_irq/irq.c.obj
 .comment       0x00000049       0x4a CMakeFiles/trafficlight.dir/C_/pico-sdk/src/common/pico_sync/lock_core.c.obj
 .comment       0x00000049       0x4a CMakeFiles/trafficlight.dir/C_/pico-sdk/src/common/pico_time/time.c.obj
 .comment       0x00000049       0x4a CMakeFiles/trafficlight.dir/C_/pico-sdk/src/rp2_common/hardware_timer/timer.c.obj
 .comment       0x00000049       0x4a CMakeFiles/trafficlight.dir/C_/pico-sdk/src/common/pico_util/pheap.c.obj
 .comment       0x00000049       0x4a CMakeFiles/trafficlight.dir/C_/pico-sdk/src/common/pico_sync/mutex.c.obj
 .comment       0x00000049       0x4a CMakeFiles/trafficlight.dir/C_/pico-sdk/src/rp2_common/pico_runtime/runtime.c.obj
 .comment       0x00000049       0x4a CMakeFiles/trafficlight.dir/C_/pico-sdk/src/rp2_common/hardware_clocks/clocks.c.obj
 .comment       0x00000049       0x4a CMakeFiles/trafficlight.dir/C_/pico-sdk/src/rp2_common/hardware_pll/pll.c.obj
 .comment       0x00000049       0x4a CMakeFiles/trafficlight.dir/C_/pico-sdk/src/rp2_common/hardware_watchdog/watchdog.c.obj
 .comment       0x00000049       0x4a CMakeFiles/trafficlight.dir/C_/pico-sdk/src/rp2_common/hardware_xosc/xosc.c.obj
 .comment       0x00000049       0x4a CMakeFiles/trafficlight.dir/C_/pico-sdk/src/rp2_common/pico_printf/printf.c.obj
 .comment       0x00000049       0x4a CMakeFiles/trafficlight.dir/C_/pico-sdk/src/rp2_common/pico_bootrom/bootrom.c.obj
 .comment       0x00000049       0x4a CMakeFiles/trafficlight.dir/C_/pico-sdk/src/rp2_common/pico_double/double_init_rom.c.obj
 .comment       0x00000049       0x4a CMakeFiles/trafficlight.dir/C_/pico-sdk/src/rp2_common/pico_float/float_init_rom.c.obj
 .comment       0x00000049       0x4a CMakeFiles/trafficlight.dir/C_/pico-sdk/src/rp2_common/pico_standard_link/binary_info.c.obj
 .comment       0x00000049       0x4a CMakeFiles/trafficlight.dir/C_/pico-sdk/src/rp2_common/pico_stdio/stdio.c.obj
 .comment       0x00000049       0x4a CMakeFiles/trafficlight.dir/C_/pico-sdk/src/rp2_common/pico_unique_id/unique_id.c.obj
 .comment       0x00000049       0x4a CMakeFiles/trafficlight.dir/C_/pico-sdk/src/rp2_common/hardware_flash/flash.c.obj

.debug_info     0x00000000    0x140de
 .debug_info    0x00000000      0xe2d CMakeFiles/trafficlight.dir/main.c.obj
 .debug_info    0x00000e2d     0x16d7 CMakeFiles/trafficlight.dir/C_/pico-sdk/src/rp2_common/hardware_gpio/gpio.c.obj
 .debug_info    0x00002504      0x6bb CMakeFiles/trafficlight.dir/C_/pico-sdk/src/rp2_common/hardware_claim/claim.c.obj
 .debug_info    0x00002bbf      0x1e3 CMakeFiles/trafficlight.dir/C_/pico-sdk/src/rp2_common/pico_platform/platform.c.obj
 .debug_info    0x00002da2      0x58e CMakeFiles/trafficlight.dir/C_/pico-sdk/src/rp2_common/hardware_sync/sync.c.obj
 .debug_info    0x00003330     0x1c49 CMakeFiles/trafficlight.dir/C_/pico-sdk/src/rp2_common/hardware_irq/irq.c.obj
 .debug_info    0x00004f79      0x1a4 CMakeFiles/trafficlight.dir/C_/pico-sdk/src/common/pico_sync/lock_core.c.obj
 .debug_info    0x0000511d     0x3b3b CMakeFiles/trafficlight.dir/C_/pico-sdk/src/common/pico_time/time.c.obj
 .debug_info    0x00008c58     0x1134 CMakeFiles/trafficlight.dir/C_/pico-sdk/src/rp2_common/hardware_timer/timer.c.obj
 .debug_info    0x00009d8c     0x120c CMakeFiles/trafficlight.dir/C_/pico-sdk/src/common/pico_util/pheap.c.obj
 .debug_info    0x0000af98     0x2022 CMakeFiles/trafficlight.dir/C_/pico-sdk/src/common/pico_sync/mutex.c.obj
 .debug_info    0x0000cfba      0xa87 CMakeFiles/trafficlight.dir/C_/pico-sdk/src/rp2_common/pico_runtime/runtime.c.obj
 .debug_info    0x0000da41      0xf63 CMakeFiles/trafficlight.dir/C_/pico-sdk/src/rp2_common/hardware_clocks/clocks.c.obj
 .debug_info    0x0000e9a4      0x54a CMakeFiles/trafficlight.dir/C_/pico-sdk/src/rp2_common/hardware_pll/pll.c.obj
 .debug_info    0x0000eeee      0x4ee CMakeFiles/trafficlight.dir/C_/pico-sdk/src/rp2_common/hardware_watchdog/watchdog.c.obj
 .debug_info    0x0000f3dc      0x1d8 CMakeFiles/trafficlight.dir/C_/pico-sdk/src/rp2_common/hardware_xosc/xosc.c.obj
 .debug_info    0x0000f5b4     0x1a5f CMakeFiles/trafficlight.dir/C_/pico-sdk/src/rp2_common/pico_printf/printf.c.obj
 .debug_info    0x00011013       0x22 CMakeFiles/trafficlight.dir/C_/pico-sdk/src/rp2_common/pico_bit_ops/bit_ops_aeabi.S.obj
 .debug_info    0x00011035      0x27c CMakeFiles/trafficlight.dir/C_/pico-sdk/src/rp2_common/pico_bootrom/bootrom.c.obj
 .debug_info    0x000112b1       0x22 CMakeFiles/trafficlight.dir/C_/pico-sdk/src/rp2_common/pico_divider/divider.S.obj
 .debug_info    0x000112d3       0x22 CMakeFiles/trafficlight.dir/C_/pico-sdk/src/rp2_common/pico_double/double_aeabi.S.obj
 .debug_info    0x000112f5      0x2d1 CMakeFiles/trafficlight.dir/C_/pico-sdk/src/rp2_common/pico_double/double_init_rom.c.obj
 .debug_info    0x000115c6       0x22 CMakeFiles/trafficlight.dir/C_/pico-sdk/src/rp2_common/pico_double/double_v1_rom_shim.S.obj
 .debug_info    0x000115e8       0x26 CMakeFiles/trafficlight.dir/C_/pico-sdk/src/rp2_common/pico_int64_ops/pico_int64_ops_aeabi.S.obj
 .debug_info    0x0001160e       0x22 CMakeFiles/trafficlight.dir/C_/pico-sdk/src/rp2_common/pico_float/float_aeabi.S.obj
 .debug_info    0x00011630      0x2eb CMakeFiles/trafficlight.dir/C_/pico-sdk/src/rp2_common/pico_float/float_init_rom.c.obj
 .debug_info    0x0001191b       0x22 CMakeFiles/trafficlight.dir/C_/pico-sdk/src/rp2_common/pico_float/float_v1_rom_shim.S.obj
 .debug_info    0x0001193d       0x22 CMakeFiles/trafficlight.dir/C_/pico-sdk/src/rp2_common/pico_mem_ops/mem_ops_aeabi.S.obj
 .debug_info    0x0001195f       0x22 CMakeFiles/trafficlight.dir/C_/pico-sdk/src/rp2_common/pico_standard_link/crt0.S.obj
 .debug_info    0x00011981      0x2f6 CMakeFiles/trafficlight.dir/C_/pico-sdk/src/rp2_common/pico_standard_link/binary_info.c.obj
 .debug_info    0x00011c77     0x12ee CMakeFiles/trafficlight.dir/C_/pico-sdk/src/rp2_common/pico_stdio/stdio.c.obj
 .debug_info    0x00012f65      0x257 CMakeFiles/trafficlight.dir/C_/pico-sdk/src/rp2_common/pico_unique_id/unique_id.c.obj
 .debug_info    0x000131bc      0xf22 CMakeFiles/trafficlight.dir/C_/pico-sdk/src/rp2_common/hardware_flash/flash.c.obj

.debug_abbrev   0x00000000     0x3df8
 .debug_abbrev  0x00000000      0x204 CMakeFiles/trafficlight.dir/main.c.obj
 .debug_abbrev  0x00000204      0x326 CMakeFiles/trafficlight.dir/C_/pico-sdk/src/rp2_common/hardware_gpio/gpio.c.obj
 .debug_abbrev  0x0000052a      0x2e9 CMakeFiles/trafficlight.dir/C_/pico-sdk/src/rp2_common/hardware_claim/claim.c.obj
 .debug_abbrev  0x00000813       0xeb CMakeFiles/trafficlight.dir/C_/pico-sdk/src/rp2_common/pico_platform/platform.c.obj
 .debug_abbrev  0x000008fe      0x21b CMakeFiles/trafficlight.dir/C_/pico-sdk/src/rp2_common/hardware_sync/sync.c.obj
 .debug_abbrev  0x00000b19      0x4fc CMakeFiles/trafficlight.dir/C_/pico-sdk/src/rp2_common/hardware_irq/irq.c.obj
 .debug_abbrev  0x00001015      0x116 CMakeFiles/trafficlight.dir/C_/pico-sdk/src/common/pico_sync/lock_core.c.obj
 .debug_abbrev  0x0000112b      0x54d CMakeFiles/trafficlight.dir/C_/pico-sdk/src/common/pico_time/time.c.obj
 .debug_abbrev  0x00001678      0x3a2 CMakeFiles/trafficlight.dir/C_/pico-sdk/src/rp2_common/hardware_timer/timer.c.obj
 .debug_abbrev  0x00001a1a      0x297 CMakeFiles/trafficlight.dir/C_/pico-sdk/src/common/pico_util/pheap.c.obj
 .debug_abbrev  0x00001cb1      0x386 CMakeFiles/trafficlight.dir/C_/pico-sdk/src/common/pico_sync/mutex.c.obj
 .debug_abbrev  0x00002037      0x3aa CMakeFiles/trafficlight.dir/C_/pico-sdk/src/rp2_common/pico_runtime/runtime.c.obj
 .debug_abbrev  0x000023e1      0x3a5 CMakeFiles/trafficlight.dir/C_/pico-sdk/src/rp2_common/hardware_clocks/clocks.c.obj
 .debug_abbrev  0x00002786      0x1ea CMakeFiles/trafficlight.dir/C_/pico-sdk/src/rp2_common/hardware_pll/pll.c.obj
 .debug_abbrev  0x00002970      0x1a8 CMakeFiles/trafficlight.dir/C_/pico-sdk/src/rp2_common/hardware_watchdog/watchdog.c.obj
 .debug_abbrev  0x00002b18      0x109 CMakeFiles/trafficlight.dir/C_/pico-sdk/src/rp2_common/hardware_xosc/xosc.c.obj
 .debug_abbrev  0x00002c21      0x384 CMakeFiles/trafficlight.dir/C_/pico-sdk/src/rp2_common/pico_printf/printf.c.obj
 .debug_abbrev  0x00002fa5       0x12 CMakeFiles/trafficlight.dir/C_/pico-sdk/src/rp2_common/pico_bit_ops/bit_ops_aeabi.S.obj
 .debug_abbrev  0x00002fb7      0x13b CMakeFiles/trafficlight.dir/C_/pico-sdk/src/rp2_common/pico_bootrom/bootrom.c.obj
 .debug_abbrev  0x000030f2       0x12 CMakeFiles/trafficlight.dir/C_/pico-sdk/src/rp2_common/pico_divider/divider.S.obj
 .debug_abbrev  0x00003104       0x12 CMakeFiles/trafficlight.dir/C_/pico-sdk/src/rp2_common/pico_double/double_aeabi.S.obj
 .debug_abbrev  0x00003116      0x179 CMakeFiles/trafficlight.dir/C_/pico-sdk/src/rp2_common/pico_double/double_init_rom.c.obj
 .debug_abbrev  0x0000328f       0x12 CMakeFiles/trafficlight.dir/C_/pico-sdk/src/rp2_common/pico_double/double_v1_rom_shim.S.obj
 .debug_abbrev  0x000032a1       0x14 CMakeFiles/trafficlight.dir/C_/pico-sdk/src/rp2_common/pico_int64_ops/pico_int64_ops_aeabi.S.obj
 .debug_abbrev  0x000032b5       0x12 CMakeFiles/trafficlight.dir/C_/pico-sdk/src/rp2_common/pico_float/float_aeabi.S.obj
 .debug_abbrev  0x000032c7      0x18c CMakeFiles/trafficlight.dir/C_/pico-sdk/src/rp2_common/pico_float/float_init_rom.c.obj
 .debug_abbrev  0x00003453       0x12 CMakeFiles/trafficlight.dir/C_/pico-sdk/src/rp2_common/pico_float/float_v1_rom_shim.S.obj
 .debug_abbrev  0x00003465       0x12 CMakeFiles/trafficlight.dir/C_/pico-sdk/src/rp2_common/pico_mem_ops/mem_ops_aeabi.S.obj
 .debug_abbrev  0x00003477       0x12 CMakeFiles/trafficlight.dir/C_/pico-sdk/src/rp2_common/pico_standard_link/crt0.S.obj
 .debug_abbrev  0x00003489       0xad CMakeFiles/trafficlight.dir/C_/pico-sdk/src/rp2_common/pico_standard_link/binary_info.c.obj
 .debug_abbrev  0x00003536      0x4a9 CMakeFiles/trafficlight.dir/C_/pico-sdk/src/rp2_common/pico_stdio/stdio.c.obj
 .debug_abbrev  0x000039df      0x163 CMakeFiles/trafficlight.dir/C_/pico-sdk/src/rp2_common/pico_unique_id/unique_id.c.obj
 .debug_abbrev  0x00003b42      0x2b6 CMakeFiles/trafficlight.dir/C_/pico-sdk/src/rp2_common/hardware_flash/flash.c.obj

.debug_loc      0x00000000     0xe03b
 .debug_loc     0x00000000      0x864 CMakeFiles/trafficlight.dir/main.c.obj
 .debug_loc     0x00000864     0x118d CMakeFiles/trafficlight.dir/C_/pico-sdk/src/rp2_common/hardware_gpio/gpio.c.obj
 .debug_loc     0x000019f1      0x45f CMakeFiles/trafficlight.dir/C_/pico-sdk/src/rp2_common/hardware_claim/claim.c.obj
 .debug_loc     0x00001e50       0xe9 CMakeFiles/trafficlight.dir/C_/pico-sdk/src/rp2_common/pico_platform/platform.c.obj
 .debug_loc     0x00001f39      0x233 CMakeFiles/trafficlight.dir/C_/pico-sdk/src/rp2_common/hardware_sync/sync.c.obj
 .debug_loc     0x0000216c     0x1365 CMakeFiles/trafficlight.dir/C_/pico-sdk/src/rp2_common/hardware_irq/irq.c.obj
 .debug_loc     0x000034d1       0x60 CMakeFiles/trafficlight.dir/C_/pico-sdk/src/common/pico_sync/lock_core.c.obj
 .debug_loc     0x00003531     0x2e2a CMakeFiles/trafficlight.dir/C_/pico-sdk/src/common/pico_time/time.c.obj
 .debug_loc     0x0000635b      0x952 CMakeFiles/trafficlight.dir/C_/pico-sdk/src/rp2_common/hardware_timer/timer.c.obj
 .debug_loc     0x00006cad     0x1439 CMakeFiles/trafficlight.dir/C_/pico-sdk/src/common/pico_util/pheap.c.obj
 .debug_loc     0x000080e6     0x1469 CMakeFiles/trafficlight.dir/C_/pico-sdk/src/common/pico_sync/mutex.c.obj
 .debug_loc     0x0000954f      0x3f0 CMakeFiles/trafficlight.dir/C_/pico-sdk/src/rp2_common/pico_runtime/runtime.c.obj
 .debug_loc     0x0000993f      0x7eb CMakeFiles/trafficlight.dir/C_/pico-sdk/src/rp2_common/hardware_clocks/clocks.c.obj
 .debug_loc     0x0000a12a      0x32f CMakeFiles/trafficlight.dir/C_/pico-sdk/src/rp2_common/hardware_pll/pll.c.obj
 .debug_loc     0x0000a459      0x2ec CMakeFiles/trafficlight.dir/C_/pico-sdk/src/rp2_common/hardware_watchdog/watchdog.c.obj
 .debug_loc     0x0000a745       0x71 CMakeFiles/trafficlight.dir/C_/pico-sdk/src/rp2_common/hardware_xosc/xosc.c.obj
 .debug_loc     0x0000a7b6     0x2095 CMakeFiles/trafficlight.dir/C_/pico-sdk/src/rp2_common/pico_printf/printf.c.obj
 .debug_loc     0x0000c84b      0x1a1 CMakeFiles/trafficlight.dir/C_/pico-sdk/src/rp2_common/pico_bootrom/bootrom.c.obj
 .debug_loc     0x0000c9ec       0x59 CMakeFiles/trafficlight.dir/C_/pico-sdk/src/rp2_common/pico_double/double_init_rom.c.obj
 .debug_loc     0x0000ca45       0x73 CMakeFiles/trafficlight.dir/C_/pico-sdk/src/rp2_common/pico_float/float_init_rom.c.obj
 .debug_loc     0x0000cab8      0xb7b CMakeFiles/trafficlight.dir/C_/pico-sdk/src/rp2_common/pico_stdio/stdio.c.obj
 .debug_loc     0x0000d633       0xff CMakeFiles/trafficlight.dir/C_/pico-sdk/src/rp2_common/pico_unique_id/unique_id.c.obj
 .debug_loc     0x0000d732      0x909 CMakeFiles/trafficlight.dir/C_/pico-sdk/src/rp2_common/hardware_flash/flash.c.obj

.debug_aranges  0x00000000      0xdb0
 .debug_aranges
                0x00000000       0x20 CMakeFiles/trafficlight.dir/main.c.obj
 .debug_aranges
                0x00000020      0x100 CMakeFiles/trafficlight.dir/C_/pico-sdk/src/rp2_common/hardware_gpio/gpio.c.obj
 .debug_aranges
                0x00000120       0x48 CMakeFiles/trafficlight.dir/C_/pico-sdk/src/rp2_common/hardware_claim/claim.c.obj
 .debug_aranges
                0x00000168       0x28 CMakeFiles/trafficlight.dir/C_/pico-sdk/src/rp2_common/pico_platform/platform.c.obj
 .debug_aranges
                0x00000190       0x58 CMakeFiles/trafficlight.dir/C_/pico-sdk/src/rp2_common/hardware_sync/sync.c.obj
 .debug_aranges
                0x000001e8       0xc8 CMakeFiles/trafficlight.dir/C_/pico-sdk/src/rp2_common/hardware_irq/irq.c.obj
 .debug_aranges
                0x000002b0       0x20 CMakeFiles/trafficlight.dir/C_/pico-sdk/src/common/pico_sync/lock_core.c.obj
 .debug_aranges
                0x000002d0       0xd0 CMakeFiles/trafficlight.dir/C_/pico-sdk/src/common/pico_time/time.c.obj
 .debug_aranges
                0x000003a0       0x78 CMakeFiles/trafficlight.dir/C_/pico-sdk/src/rp2_common/hardware_timer/timer.c.obj
 .debug_aranges
                0x00000418       0x78 CMakeFiles/trafficlight.dir/C_/pico-sdk/src/common/pico_util/pheap.c.obj
 .debug_aranges
                0x00000490       0x88 CMakeFiles/trafficlight.dir/C_/pico-sdk/src/common/pico_sync/mutex.c.obj
 .debug_aranges
                0x00000518       0x60 CMakeFiles/trafficlight.dir/C_/pico-sdk/src/rp2_common/pico_runtime/runtime.c.obj
 .debug_aranges
                0x00000578       0x70 CMakeFiles/trafficlight.dir/C_/pico-sdk/src/rp2_common/hardware_clocks/clocks.c.obj
 .debug_aranges
                0x000005e8       0x28 CMakeFiles/trafficlight.dir/C_/pico-sdk/src/rp2_common/hardware_pll/pll.c.obj
 .debug_aranges
                0x00000610       0x58 CMakeFiles/trafficlight.dir/C_/pico-sdk/src/rp2_common/hardware_watchdog/watchdog.c.obj
 .debug_aranges
                0x00000668       0x30 CMakeFiles/trafficlight.dir/C_/pico-sdk/src/rp2_common/hardware_xosc/xosc.c.obj
 .debug_aranges
                0x00000698       0x90 CMakeFiles/trafficlight.dir/C_/pico-sdk/src/rp2_common/pico_printf/printf.c.obj
 .debug_aranges
                0x00000728       0x68 CMakeFiles/trafficlight.dir/C_/pico-sdk/src/rp2_common/pico_bit_ops/bit_ops_aeabi.S.obj
 .debug_aranges
                0x00000790       0x30 CMakeFiles/trafficlight.dir/C_/pico-sdk/src/rp2_common/pico_bootrom/bootrom.c.obj
 .debug_aranges
                0x000007c0       0x40 CMakeFiles/trafficlight.dir/C_/pico-sdk/src/rp2_common/pico_divider/divider.S.obj
 .debug_aranges
                0x00000800      0x140 CMakeFiles/trafficlight.dir/C_/pico-sdk/src/rp2_common/pico_double/double_aeabi.S.obj
 .debug_aranges
                0x00000940       0x20 CMakeFiles/trafficlight.dir/C_/pico-sdk/src/rp2_common/pico_double/double_init_rom.c.obj
 .debug_aranges
                0x00000960       0xc8 CMakeFiles/trafficlight.dir/C_/pico-sdk/src/rp2_common/pico_double/double_v1_rom_shim.S.obj
 .debug_aranges
                0x00000a28       0x20 CMakeFiles/trafficlight.dir/C_/pico-sdk/src/rp2_common/pico_int64_ops/pico_int64_ops_aeabi.S.obj
 .debug_aranges
                0x00000a48      0x130 CMakeFiles/trafficlight.dir/C_/pico-sdk/src/rp2_common/pico_float/float_aeabi.S.obj
 .debug_aranges
                0x00000b78       0x20 CMakeFiles/trafficlight.dir/C_/pico-sdk/src/rp2_common/pico_float/float_init_rom.c.obj
 .debug_aranges
                0x00000b98       0x50 CMakeFiles/trafficlight.dir/C_/pico-sdk/src/rp2_common/pico_float/float_v1_rom_shim.S.obj
 .debug_aranges
                0x00000be8       0x38 CMakeFiles/trafficlight.dir/C_/pico-sdk/src/rp2_common/pico_mem_ops/mem_ops_aeabi.S.obj
 .debug_aranges
                0x00000c20       0x28 CMakeFiles/trafficlight.dir/C_/pico-sdk/src/rp2_common/pico_standard_link/crt0.S.obj
 .debug_aranges
                0x00000c48       0x18 CMakeFiles/trafficlight.dir/C_/pico-sdk/src/rp2_common/pico_standard_link/binary_info.c.obj
 .debug_aranges
                0x00000c60       0xd0 CMakeFiles/trafficlight.dir/C_/pico-sdk/src/rp2_common/pico_stdio/stdio.c.obj
 .debug_aranges
                0x00000d30       0x30 CMakeFiles/trafficlight.dir/C_/pico-sdk/src/rp2_common/pico_unique_id/unique_id.c.obj
 .debug_aranges
                0x00000d60       0x50 CMakeFiles/trafficlight.dir/C_/pico-sdk/src/rp2_common/hardware_flash/flash.c.obj

.debug_ranges   0x00000000     0x2cc8
 .debug_ranges  0x00000000       0x28 CMakeFiles/trafficlight.dir/main.c.obj
 .debug_ranges  0x00000028      0x150 CMakeFiles/trafficlight.dir/C_/pico-sdk/src/rp2_common/hardware_gpio/gpio.c.obj
 .debug_ranges  0x00000178       0xd8 CMakeFiles/trafficlight.dir/C_/pico-sdk/src/rp2_common/hardware_claim/claim.c.obj
 .debug_ranges  0x00000250       0x18 CMakeFiles/trafficlight.dir/C_/pico-sdk/src/rp2_common/pico_platform/platform.c.obj
 .debug_ranges  0x00000268       0xf0 CMakeFiles/trafficlight.dir/C_/pico-sdk/src/rp2_common/hardware_sync/sync.c.obj
 .debug_ranges  0x00000358      0x400 CMakeFiles/trafficlight.dir/C_/pico-sdk/src/rp2_common/hardware_irq/irq.c.obj
 .debug_ranges  0x00000758       0x10 CMakeFiles/trafficlight.dir/C_/pico-sdk/src/common/pico_sync/lock_core.c.obj
 .debug_ranges  0x00000768      0xba0 CMakeFiles/trafficlight.dir/C_/pico-sdk/src/common/pico_time/time.c.obj
 .debug_ranges  0x00001308      0x320 CMakeFiles/trafficlight.dir/C_/pico-sdk/src/rp2_common/hardware_timer/timer.c.obj
 .debug_ranges  0x00001628      0x248 CMakeFiles/trafficlight.dir/C_/pico-sdk/src/common/pico_util/pheap.c.obj
 .debug_ranges  0x00001870      0xab8 CMakeFiles/trafficlight.dir/C_/pico-sdk/src/common/pico_sync/mutex.c.obj
 .debug_ranges  0x00002328       0x80 CMakeFiles/trafficlight.dir/C_/pico-sdk/src/rp2_common/pico_runtime/runtime.c.obj
 .debug_ranges  0x000023a8       0x60 CMakeFiles/trafficlight.dir/C_/pico-sdk/src/rp2_common/hardware_clocks/clocks.c.obj
 .debug_ranges  0x00002408       0x30 CMakeFiles/trafficlight.dir/C_/pico-sdk/src/rp2_common/hardware_pll/pll.c.obj
 .debug_ranges  0x00002438       0x48 CMakeFiles/trafficlight.dir/C_/pico-sdk/src/rp2_common/hardware_watchdog/watchdog.c.obj
 .debug_ranges  0x00002480       0x20 CMakeFiles/trafficlight.dir/C_/pico-sdk/src/rp2_common/hardware_xosc/xosc.c.obj
 .debug_ranges  0x000024a0      0x108 CMakeFiles/trafficlight.dir/C_/pico-sdk/src/rp2_common/pico_printf/printf.c.obj
 .debug_ranges  0x000025a8       0x60 CMakeFiles/trafficlight.dir/C_/pico-sdk/src/rp2_common/pico_bit_ops/bit_ops_aeabi.S.obj
 .debug_ranges  0x00002608       0x38 CMakeFiles/trafficlight.dir/C_/pico-sdk/src/rp2_common/pico_bootrom/bootrom.c.obj
 .debug_ranges  0x00002640       0x38 CMakeFiles/trafficlight.dir/C_/pico-sdk/src/rp2_common/pico_divider/divider.S.obj
 .debug_ranges  0x00002678      0x138 CMakeFiles/trafficlight.dir/C_/pico-sdk/src/rp2_common/pico_double/double_aeabi.S.obj
 .debug_ranges  0x000027b0       0x30 CMakeFiles/trafficlight.dir/C_/pico-sdk/src/rp2_common/pico_double/double_init_rom.c.obj
 .debug_ranges  0x000027e0       0xc0 CMakeFiles/trafficlight.dir/C_/pico-sdk/src/rp2_common/pico_double/double_v1_rom_shim.S.obj
 .debug_ranges  0x000028a0      0x128 CMakeFiles/trafficlight.dir/C_/pico-sdk/src/rp2_common/pico_float/float_aeabi.S.obj
 .debug_ranges  0x000029c8       0x28 CMakeFiles/trafficlight.dir/C_/pico-sdk/src/rp2_common/pico_float/float_init_rom.c.obj
 .debug_ranges  0x000029f0       0x48 CMakeFiles/trafficlight.dir/C_/pico-sdk/src/rp2_common/pico_float/float_v1_rom_shim.S.obj
 .debug_ranges  0x00002a38       0x30 CMakeFiles/trafficlight.dir/C_/pico-sdk/src/rp2_common/pico_mem_ops/mem_ops_aeabi.S.obj
 .debug_ranges  0x00002a68       0x20 CMakeFiles/trafficlight.dir/C_/pico-sdk/src/rp2_common/pico_standard_link/crt0.S.obj
 .debug_ranges  0x00002a88      0x1b0 CMakeFiles/trafficlight.dir/C_/pico-sdk/src/rp2_common/pico_stdio/stdio.c.obj
 .debug_ranges  0x00002c38       0x38 CMakeFiles/trafficlight.dir/C_/pico-sdk/src/rp2_common/pico_unique_id/unique_id.c.obj
 .debug_ranges  0x00002c70       0x58 CMakeFiles/trafficlight.dir/C_/pico-sdk/src/rp2_common/hardware_flash/flash.c.obj

.debug_line     0x00000000     0xc9af
 .debug_line    0x00000000      0x5fa CMakeFiles/trafficlight.dir/main.c.obj
 .debug_line    0x000005fa      0xbf4 CMakeFiles/trafficlight.dir/C_/pico-sdk/src/rp2_common/hardware_gpio/gpio.c.obj
 .debug_line    0x000011ee      0x3fe CMakeFiles/trafficlight.dir/C_/pico-sdk/src/rp2_common/hardware_claim/claim.c.obj
 .debug_line    0x000015ec      0x21c CMakeFiles/trafficlight.dir/C_/pico-sdk/src/rp2_common/pico_platform/platform.c.obj
 .debug_line    0x00001808      0x3fa CMakeFiles/trafficlight.dir/C_/pico-sdk/src/rp2_common/hardware_sync/sync.c.obj
 .debug_line    0x00001c02      0xf7d CMakeFiles/trafficlight.dir/C_/pico-sdk/src/rp2_common/hardware_irq/irq.c.obj
 .debug_line    0x00002b7f      0x1bc CMakeFiles/trafficlight.dir/C_/pico-sdk/src/common/pico_sync/lock_core.c.obj
 .debug_line    0x00002d3b     0x182a CMakeFiles/trafficlight.dir/C_/pico-sdk/src/common/pico_time/time.c.obj
 .debug_line    0x00004565      0xa24 CMakeFiles/trafficlight.dir/C_/pico-sdk/src/rp2_common/hardware_timer/timer.c.obj
 .debug_line    0x00004f89      0x83d CMakeFiles/trafficlight.dir/C_/pico-sdk/src/common/pico_util/pheap.c.obj
 .debug_line    0x000057c6      0xfa2 CMakeFiles/trafficlight.dir/C_/pico-sdk/src/common/pico_sync/mutex.c.obj
 .debug_line    0x00006768      0x745 CMakeFiles/trafficlight.dir/C_/pico-sdk/src/rp2_common/pico_runtime/runtime.c.obj
 .debug_line    0x00006ead      0x8c6 CMakeFiles/trafficlight.dir/C_/pico-sdk/src/rp2_common/hardware_clocks/clocks.c.obj
 .debug_line    0x00007773      0x4b6 CMakeFiles/trafficlight.dir/C_/pico-sdk/src/rp2_common/hardware_pll/pll.c.obj
 .debug_line    0x00007c29      0x3b4 CMakeFiles/trafficlight.dir/C_/pico-sdk/src/rp2_common/hardware_watchdog/watchdog.c.obj
 .debug_line    0x00007fdd      0x258 CMakeFiles/trafficlight.dir/C_/pico-sdk/src/rp2_common/hardware_xosc/xosc.c.obj
 .debug_line    0x00008235     0x11dd CMakeFiles/trafficlight.dir/C_/pico-sdk/src/rp2_common/pico_printf/printf.c.obj
 .debug_line    0x00009412      0x138 CMakeFiles/trafficlight.dir/C_/pico-sdk/src/rp2_common/pico_bit_ops/bit_ops_aeabi.S.obj
 .debug_line    0x0000954a      0x1ef CMakeFiles/trafficlight.dir/C_/pico-sdk/src/rp2_common/pico_bootrom/bootrom.c.obj
 .debug_line    0x00009739      0x2c1 CMakeFiles/trafficlight.dir/C_/pico-sdk/src/rp2_common/pico_divider/divider.S.obj
 .debug_line    0x000099fa      0x416 CMakeFiles/trafficlight.dir/C_/pico-sdk/src/rp2_common/pico_double/double_aeabi.S.obj
 .debug_line    0x00009e10      0x2d7 CMakeFiles/trafficlight.dir/C_/pico-sdk/src/rp2_common/pico_double/double_init_rom.c.obj
 .debug_line    0x0000a0e7      0x68e CMakeFiles/trafficlight.dir/C_/pico-sdk/src/rp2_common/pico_double/double_v1_rom_shim.S.obj
 .debug_line    0x0000a775       0x88 CMakeFiles/trafficlight.dir/C_/pico-sdk/src/rp2_common/pico_int64_ops/pico_int64_ops_aeabi.S.obj
 .debug_line    0x0000a7fd      0x3cc CMakeFiles/trafficlight.dir/C_/pico-sdk/src/rp2_common/pico_float/float_aeabi.S.obj
 .debug_line    0x0000abc9      0x2c9 CMakeFiles/trafficlight.dir/C_/pico-sdk/src/rp2_common/pico_float/float_init_rom.c.obj
 .debug_line    0x0000ae92      0x1b8 CMakeFiles/trafficlight.dir/C_/pico-sdk/src/rp2_common/pico_float/float_v1_rom_shim.S.obj
 .debug_line    0x0000b04a       0xb2 CMakeFiles/trafficlight.dir/C_/pico-sdk/src/rp2_common/pico_mem_ops/mem_ops_aeabi.S.obj
 .debug_line    0x0000b0fc       0xc3 CMakeFiles/trafficlight.dir/C_/pico-sdk/src/rp2_common/pico_standard_link/crt0.S.obj
 .debug_line    0x0000b1bf      0x16a CMakeFiles/trafficlight.dir/C_/pico-sdk/src/rp2_common/pico_standard_link/binary_info.c.obj
 .debug_line    0x0000b329      0xc2e CMakeFiles/trafficlight.dir/C_/pico-sdk/src/rp2_common/pico_stdio/stdio.c.obj
 .debug_line    0x0000bf57      0x318 CMakeFiles/trafficlight.dir/C_/pico-sdk/src/rp2_common/pico_unique_id/unique_id.c.obj
 .debug_line    0x0000c26f      0x740 CMakeFiles/trafficlight.dir/C_/pico-sdk/src/rp2_common/hardware_flash/flash.c.obj

.debug_str      0x00000000     0x3281
 .debug_str     0x00000000      0x443 CMakeFiles/trafficlight.dir/main.c.obj
                                0x4a4 (size before relaxing)
 .debug_str     0x00000443      0x5f8 CMakeFiles/trafficlight.dir/C_/pico-sdk/src/rp2_common/hardware_gpio/gpio.c.obj
                                0x9d2 (size before relaxing)
 .debug_str     0x00000a3b      0x1ad CMakeFiles/trafficlight.dir/C_/pico-sdk/src/rp2_common/hardware_claim/claim.c.obj
                                0x39e (size before relaxing)
 .debug_str     0x00000be8       0x72 CMakeFiles/trafficlight.dir/C_/pico-sdk/src/rp2_common/pico_platform/platform.c.obj
                                0x25a (size before relaxing)
 .debug_str     0x00000c5a       0xdd CMakeFiles/trafficlight.dir/C_/pico-sdk/src/rp2_common/hardware_sync/sync.c.obj
                                0x385 (size before relaxing)
 .debug_str     0x00000d37      0x3d8 CMakeFiles/trafficlight.dir/C_/pico-sdk/src/rp2_common/hardware_irq/irq.c.obj
                                0x7fb (size before relaxing)
 .debug_str     0x0000110f       0x4d CMakeFiles/trafficlight.dir/C_/pico-sdk/src/common/pico_sync/lock_core.c.obj